My name is Kavan. I like to run
Kavan
Kavan
1
2
3
4
5
6
7
8
9
10
kavan-Inspiron-5521
3.13.0-44-generic
1c1
< My name is Kavan. I like to run
---
> hahah lolol
16	./Hadoop/eclipse/p2/org.eclipse.equinox.p2.engine/.settings
8	./Hadoop/eclipse/p2/org.eclipse.equinox.p2.engine/profileRegistry/epp.package.java.profile/.data/org.eclipse.equinox.internal.p2.touchpoint.eclipse.actions
12	./Hadoop/eclipse/p2/org.eclipse.equinox.p2.engine/profileRegistry/epp.package.java.profile/.data/.settings
24	./Hadoop/eclipse/p2/org.eclipse.equinox.p2.engine/profileRegistry/epp.package.java.profile/.data
220	./Hadoop/eclipse/p2/org.eclipse.equinox.p2.engine/profileRegistry/epp.package.java.profile
224	./Hadoop/eclipse/p2/org.eclipse.equinox.p2.engine/profileRegistry
244	./Hadoop/eclipse/p2/org.eclipse.equinox.p2.engine
476	./Hadoop/eclipse/p2/org.eclipse.equinox.p2.core/cache/binary
484	./Hadoop/eclipse/p2/org.eclipse.equinox.p2.core/cache
488	./Hadoop/eclipse/p2/org.eclipse.equinox.p2.core
736	./Hadoop/eclipse/p2
28	./Hadoop/eclipse/plugins/org.eclipse.platform_4.2.0.v201206081400/intro/css
52	./Hadoop/eclipse/plugins/org.eclipse.platform_4.2.0.v201206081400/intro
72	./Hadoop/eclipse/plugins/org.eclipse.platform_4.2.0.v201206081400/images/topiclabel
144	./Hadoop/eclipse/plugins/org.eclipse.platform_4.2.0.v201206081400/images
12	./Hadoop/eclipse/plugins/org.eclipse.platform_4.2.0.v201206081400/cheatsheets
44	./Hadoop/eclipse/plugins/org.eclipse.platform_4.2.0.v201206081400/css
32	./Hadoop/eclipse/plugins/org.eclipse.platform_4.2.0.v201206081400/META-INF
1032	./Hadoop/eclipse/plugins/org.eclipse.platform_4.2.0.v201206081400
16	./Hadoop/eclipse/plugins/org.eclipse.recommenders.doc_1.0.0.v20120612-2305-b156/META-INF/maven/org.eclipse.recommenders.plugin/org.eclipse.recommenders.doc
20	./Hadoop/eclipse/plugins/org.eclipse.recommenders.doc_1.0.0.v20120612-2305-b156/META-INF/maven/org.eclipse.recommenders.plugin
24	./Hadoop/eclipse/plugins/org.eclipse.recommenders.doc_1.0.0.v20120612-2305-b156/META-INF/maven
56	./Hadoop/eclipse/plugins/org.eclipse.recommenders.doc_1.0.0.v20120612-2305-b156/META-INF
292	./Hadoop/eclipse/plugins/org.eclipse.recommenders.doc_1.0.0.v20120612-2305-b156/media/figures/changes/v0.2
448	./Hadoop/eclipse/plugins/org.eclipse.recommenders.doc_1.0.0.v20120612-2305-b156/media/figures/changes/v0.1
796	./Hadoop/eclipse/plugins/org.eclipse.recommenders.doc_1.0.0.v20120612-2305-b156/media/figures/changes/v0.3
64	./Hadoop/eclipse/plugins/org.eclipse.recommenders.doc_1.0.0.v20120612-2305-b156/media/figures/changes/v0.5
1604	./Hadoop/eclipse/plugins/org.eclipse.recommenders.doc_1.0.0.v20120612-2305-b156/media/figures/changes
292	./Hadoop/eclipse/plugins/org.eclipse.recommenders.doc_1.0.0.v20120612-2305-b156/media/figures/isv/extdoc
116	./Hadoop/eclipse/plugins/org.eclipse.recommenders.doc_1.0.0.v20120612-2305-b156/media/figures/isv/chain-completion
412	./Hadoop/eclipse/plugins/org.eclipse.recommenders.doc_1.0.0.v20120612-2305-b156/media/figures/isv
1344	./Hadoop/eclipse/plugins/org.eclipse.recommenders.doc_1.0.0.v20120612-2305-b156/media/figures/usr/completion
120	./Hadoop/eclipse/plugins/org.eclipse.recommenders.doc_1.0.0.v20120612-2305-b156/media/figures/usr/intro
48	./Hadoop/eclipse/plugins/org.eclipse.recommenders.doc_1.0.0.v20120612-2305-b156/media/figures/usr/general
748	./Hadoop/eclipse/plugins/org.eclipse.recommenders.doc_1.0.0.v20120612-2305-b156/media/figures/usr/extdoc
2264	./Hadoop/eclipse/plugins/org.eclipse.recommenders.doc_1.0.0.v20120612-2305-b156/media/figures/usr
4284	./Hadoop/eclipse/plugins/org.eclipse.recommenders.doc_1.0.0.v20120612-2305-b156/media/figures
592	./Hadoop/eclipse/plugins/org.eclipse.recommenders.doc_1.0.0.v20120612-2305-b156/media/graffle
4884	./Hadoop/eclipse/plugins/org.eclipse.recommenders.doc_1.0.0.v20120612-2305-b156/media
5052	./Hadoop/eclipse/plugins/org.eclipse.recommenders.doc_1.0.0.v20120612-2305-b156
16	./Hadoop/eclipse/plugins/org.eclipse.m2e.maven.runtime_1.1.0.20120529-1956/about_files
8	./Hadoop/eclipse/plugins/org.eclipse.m2e.maven.runtime_1.1.0.20120529-1956/OSGI-INF/l10n
12	./Hadoop/eclipse/plugins/org.eclipse.m2e.maven.runtime_1.1.0.20120529-1956/OSGI-INF
5352	./Hadoop/eclipse/plugins/org.eclipse.m2e.maven.runtime_1.1.0.20120529-1956/jars
16	./Hadoop/eclipse/plugins/org.eclipse.m2e.maven.runtime_1.1.0.20120529-1956/META-INF/maven/org.eclipse.m2e/org.eclipse.m2e.maven.runtime
20	./Hadoop/eclipse/plugins/org.eclipse.m2e.maven.runtime_1.1.0.20120529-1956/META-INF/maven/org.eclipse.m2e
24	./Hadoop/eclipse/plugins/org.eclipse.m2e.maven.runtime_1.1.0.20120529-1956/META-INF/maven
68	./Hadoop/eclipse/plugins/org.eclipse.m2e.maven.runtime_1.1.0.20120529-1956/META-INF
5460	./Hadoop/eclipse/plugins/org.eclipse.m2e.maven.runtime_1.1.0.20120529-1956
16	./Hadoop/eclipse/plugins/org.eclipse.m2e.maven.indexer_1.1.0.20120529-1956/about_files
8	./Hadoop/eclipse/plugins/org.eclipse.m2e.maven.indexer_1.1.0.20120529-1956/OSGI-INF/l10n
12	./Hadoop/eclipse/plugins/org.eclipse.m2e.maven.indexer_1.1.0.20120529-1956/OSGI-INF
308	./Hadoop/eclipse/plugins/org.eclipse.m2e.maven.indexer_1.1.0.20120529-1956/org/apache/maven/index
312	./Hadoop/eclipse/plugins/org.eclipse.m2e.maven.indexer_1.1.0.20120529-1956/org/apache/maven
316	./Hadoop/eclipse/plugins/org.eclipse.m2e.maven.indexer_1.1.0.20120529-1956/org/apache
320	./Hadoop/eclipse/plugins/org.eclipse.m2e.maven.indexer_1.1.0.20120529-1956/org
12	./Hadoop/eclipse/plugins/org.eclipse.m2e.maven.indexer_1.1.0.20120529-1956/META-INF/maven/org.eclipse.m2e/org.eclipse.m2e.maven.indexer
16	./Hadoop/eclipse/plugins/org.eclipse.m2e.maven.indexer_1.1.0.20120529-1956/META-INF/maven/org.eclipse.m2e
20	./Hadoop/eclipse/plugins/org.eclipse.m2e.maven.indexer_1.1.0.20120529-1956/META-INF/maven
56	./Hadoop/eclipse/plugins/org.eclipse.m2e.maven.indexer_1.1.0.20120529-1956/META-INF
1616	./Hadoop/eclipse/plugins/org.eclipse.m2e.maven.indexer_1.1.0.20120529-1956
24	./Hadoop/eclipse/plugins/org.eclipse.equinox.launcher.gtk.linux.x86_64_1.1.200.v20120522-1813/META-INF
228	./Hadoop/eclipse/plugins/org.eclipse.equinox.launcher.gtk.linux.x86_64_1.1.200.v20120522-1813
20	./Hadoop/eclipse/plugins/org.junit_3.8.2.v3_8_2_v20100427-1100/about_files
24	./Hadoop/eclipse/plugins/org.junit_3.8.2.v3_8_2_v20100427-1100/META-INF
180	./Hadoop/eclipse/plugins/org.junit_3.8.2.v3_8_2_v20100427-1100
24	./Hadoop/eclipse/plugins/org.junit4_4.8.1.v20120523-1257/META-INF
36	./Hadoop/eclipse/plugins/org.junit4_4.8.1.v20120523-1257
20	./Hadoop/eclipse/plugins/org.junit_4.10.0.v4_10_0_v20120426-0900/about_files
24	./Hadoop/eclipse/plugins/org.junit_4.10.0.v4_10_0_v20120426-0900/META-INF
296	./Hadoop/eclipse/plugins/org.junit_4.10.0.v4_10_0_v20120426-0900
2476	./Hadoop/eclipse/plugins/org.apache.ant_1.8.3.v20120321-1730/lib
48	./Hadoop/eclipse/plugins/org.apache.ant_1.8.3.v20120321-1730/about_files
28	./Hadoop/eclipse/plugins/org.apache.ant_1.8.3.v20120321-1730/etc/checkstyle
272	./Hadoop/eclipse/plugins/org.apache.ant_1.8.3.v20120321-1730/etc
76	./Hadoop/eclipse/plugins/org.apache.ant_1.8.3.v20120321-1730/bin
32	./Hadoop/eclipse/plugins/org.apache.ant_1.8.3.v20120321-1730/META-INF
2920	./Hadoop/eclipse/plugins/org.apache.ant_1.8.3.v20120321-1730
24	./Hadoop/eclipse/plugins/org.eclipse.wb.swing.FormLayout.lib_1.5.0.r42x201206111310/META-INF
328	./Hadoop/eclipse/plugins/org.eclipse.wb.swing.FormLayout.lib_1.5.0.r42x201206111310
24	./Hadoop/eclipse/plugins/org.eclipse.epp.package.java_1.5.0.20120131-1544/META-INF
108	./Hadoop/eclipse/plugins/org.eclipse.epp.package.java_1.5.0.20120131-1544
56	./Hadoop/eclipse/plugins/org.eclipse.m2e.archetype.common_1.1.0.20120529-1956/about_files
8	./Hadoop/eclipse/plugins/org.eclipse.m2e.archetype.common_1.1.0.20120529-1956/OSGI-INF/l10n
12	./Hadoop/eclipse/plugins/org.eclipse.m2e.archetype.common_1.1.0.20120529-1956/OSGI-INF
12	./Hadoop/eclipse/plugins/org.eclipse.m2e.archetype.common_1.1.0.20120529-1956/META-INF/maven/org.eclipse.m2e/org.eclipse.m2e.archetype.common
16	./Hadoop/eclipse/plugins/org.eclipse.m2e.archetype.common_1.1.0.20120529-1956/META-INF/maven/org.eclipse.m2e
20	./Hadoop/eclipse/plugins/org.eclipse.m2e.archetype.common_1.1.0.20120529-1956/META-INF/maven
48	./Hadoop/eclipse/plugins/org.eclipse.m2e.archetype.common_1.1.0.20120529-1956/META-INF
2332	./Hadoop/eclipse/plugins/org.eclipse.m2e.archetype.common_1.1.0.20120529-1956
24	./Hadoop/eclipse/plugins/org.eclipse.core.runtime.compatibility.registry_3.5.100.v20120521-2346/META-INF
56	./Hadoop/eclipse/plugins/org.eclipse.core.runtime.compatibility.registry_3.5.100.v20120521-2346
516	./Hadoop/eclipse/plugins/org.eclipse.wb.runtime.lib_1.5.0.r42x201206111201/lib
24	./Hadoop/eclipse/plugins/org.eclipse.wb.runtime.lib_1.5.0.r42x201206111201/META-INF
556	./Hadoop/eclipse/plugins/org.eclipse.wb.runtime.lib_1.5.0.r42x201206111201
12	./Hadoop/eclipse/plugins/org.eclipse.m2e.lifecyclemapping.defaults_1.1.0.20120530-0009/META-INF/maven/org.eclipse.m2e/org.eclipse.m2e.lifecyclemapping.defaults
16	./Hadoop/eclipse/plugins/org.eclipse.m2e.lifecyclemapping.defaults_1.1.0.20120530-0009/META-INF/maven/org.eclipse.m2e
20	./Hadoop/eclipse/plugins/org.eclipse.m2e.lifecyclemapping.defaults_1.1.0.20120530-0009/META-INF/maven
44	./Hadoop/eclipse/plugins/org.eclipse.m2e.lifecyclemapping.defaults_1.1.0.20120530-0009/META-INF
68	./Hadoop/eclipse/plugins/org.eclipse.m2e.lifecyclemapping.defaults_1.1.0.20120530-0009
24	./Hadoop/eclipse/plugins/org.eclipse.jdt.debug_3.7.100.v20120529-1702/META-INF
984	./Hadoop/eclipse/plugins/org.eclipse.jdt.debug_3.7.100.v20120529-1702
4380	./Hadoop/eclipse/plugins/org.eclipse.wb.core.lib_1.5.0.r42x201206111201/lib
24	./Hadoop/eclipse/plugins/org.eclipse.wb.core.lib_1.5.0.r42x201206111201/META-INF
4420	./Hadoop/eclipse/plugins/org.eclipse.wb.core.lib_1.5.0.r42x201206111201
84	./Hadoop/eclipse/plugins/org.eclipse.ui.intro.universal_3.2.600.v20120521-2344/themes/circles/html
32	./Hadoop/eclipse/plugins/org.eclipse.ui.intro.universal_3.2.600.v20120521-2344/themes/circles/graphics/launchbar
400	./Hadoop/eclipse/plugins/org.eclipse.ui.intro.universal_3.2.600.v20120521-2344/themes/circles/graphics/icons/ctool
12	./Hadoop/eclipse/plugins/org.eclipse.ui.intro.universal_3.2.600.v20120521-2344/themes/circles/graphics/icons/obj48
416	./Hadoop/eclipse/plugins/org.eclipse.ui.intro.universal_3.2.600.v20120521-2344/themes/circles/graphics/icons
68	./Hadoop/eclipse/plugins/org.eclipse.ui.intro.universal_3.2.600.v20120521-2344/themes/circles/graphics/standby
116	./Hadoop/eclipse/plugins/org.eclipse.ui.intro.universal_3.2.600.v20120521-2344/themes/circles/graphics/contentpage
108	./Hadoop/eclipse/plugins/org.eclipse.ui.intro.universal_3.2.600.v20120521-2344/themes/circles/graphics/rootpage
744	./Hadoop/eclipse/plugins/org.eclipse.ui.intro.universal_3.2.600.v20120521-2344/themes/circles/graphics
40	./Hadoop/eclipse/plugins/org.eclipse.ui.intro.universal_3.2.600.v20120521-2344/themes/circles/swt
888	./Hadoop/eclipse/plugins/org.eclipse.ui.intro.universal_3.2.600.v20120521-2344/themes/circles
76	./Hadoop/eclipse/plugins/org.eclipse.ui.intro.universal_3.2.600.v20120521-2344/themes/purpleMesh/html
32	./Hadoop/eclipse/plugins/org.eclipse.ui.intro.universal_3.2.600.v20120521-2344/themes/purpleMesh/graphics/launchbar
148	./Hadoop/eclipse/plugins/org.eclipse.ui.intro.universal_3.2.600.v20120521-2344/themes/purpleMesh/graphics/icons/ctool
12	./Hadoop/eclipse/plugins/org.eclipse.ui.intro.universal_3.2.600.v20120521-2344/themes/purpleMesh/graphics/icons/obj48
108	./Hadoop/eclipse/plugins/org.eclipse.ui.intro.universal_3.2.600.v20120521-2344/themes/purpleMesh/graphics/icons/etool
12	./Hadoop/eclipse/plugins/org.eclipse.ui.intro.universal_3.2.600.v20120521-2344/themes/purpleMesh/graphics/icons/dtool
284	./Hadoop/eclipse/plugins/org.eclipse.ui.intro.universal_3.2.600.v20120521-2344/themes/purpleMesh/graphics/icons
12	./Hadoop/eclipse/plugins/org.eclipse.ui.intro.universal_3.2.600.v20120521-2344/themes/purpleMesh/graphics/swt
372	./Hadoop/eclipse/plugins/org.eclipse.ui.intro.universal_3.2.600.v20120521-2344/themes/purpleMesh/graphics/contentpage
252	./Hadoop/eclipse/plugins/org.eclipse.ui.intro.universal_3.2.600.v20120521-2344/themes/purpleMesh/graphics/root
956	./Hadoop/eclipse/plugins/org.eclipse.ui.intro.universal_3.2.600.v20120521-2344/themes/purpleMesh/graphics
40	./Hadoop/eclipse/plugins/org.eclipse.ui.intro.universal_3.2.600.v20120521-2344/themes/purpleMesh/swt
1092	./Hadoop/eclipse/plugins/org.eclipse.ui.intro.universal_3.2.600.v20120521-2344/themes/purpleMesh
80	./Hadoop/eclipse/plugins/org.eclipse.ui.intro.universal_3.2.600.v20120521-2344/themes/slate/html
32	./Hadoop/eclipse/plugins/org.eclipse.ui.intro.universal_3.2.600.v20120521-2344/themes/slate/graphics/launchbar
236	./Hadoop/eclipse/plugins/org.eclipse.ui.intro.universal_3.2.600.v20120521-2344/themes/slate/graphics/icons/ctool
240	./Hadoop/eclipse/plugins/org.eclipse.ui.intro.universal_3.2.600.v20120521-2344/themes/slate/graphics/icons
68	./Hadoop/eclipse/plugins/org.eclipse.ui.intro.universal_3.2.600.v20120521-2344/themes/slate/graphics/standby
96	./Hadoop/eclipse/plugins/org.eclipse.ui.intro.universal_3.2.600.v20120521-2344/themes/slate/graphics/contentpage
292	./Hadoop/eclipse/plugins/org.eclipse.ui.intro.universal_3.2.600.v20120521-2344/themes/slate/graphics/rootpage
732	./Hadoop/eclipse/plugins/org.eclipse.ui.intro.universal_3.2.600.v20120521-2344/themes/slate/graphics
40	./Hadoop/eclipse/plugins/org.eclipse.ui.intro.universal_3.2.600.v20120521-2344/themes/slate/swt
868	./Hadoop/eclipse/plugins/org.eclipse.ui.intro.universal_3.2.600.v20120521-2344/themes/slate
12	./Hadoop/eclipse/plugins/org.eclipse.ui.intro.universal_3.2.600.v20120521-2344/themes/shared/html
36	./Hadoop/eclipse/plugins/org.eclipse.ui.intro.universal_3.2.600.v20120521-2344/themes/shared/graphics/icons/ctool
40	./Hadoop/eclipse/plugins/org.eclipse.ui.intro.universal_3.2.600.v20120521-2344/themes/shared/graphics/icons
40	./Hadoop/eclipse/plugins/org.eclipse.ui.intro.universal_3.2.600.v20120521-2344/themes/shared/graphics/contentpage
84	./Hadoop/eclipse/plugins/org.eclipse.ui.intro.universal_3.2.600.v20120521-2344/themes/shared/graphics
100	./Hadoop/eclipse/plugins/org.eclipse.ui.intro.universal_3.2.600.v20120521-2344/themes/shared
2952	./Hadoop/eclipse/plugins/org.eclipse.ui.intro.universal_3.2.600.v20120521-2344/themes
28	./Hadoop/eclipse/plugins/org.eclipse.ui.intro.universal_3.2.600.v20120521-2344/icons/full/obj16
8	./Hadoop/eclipse/plugins/org.eclipse.ui.intro.universal_3.2.600.v20120521-2344/icons/full/elcl16
40	./Hadoop/eclipse/plugins/org.eclipse.ui.intro.universal_3.2.600.v20120521-2344/icons/full
48	./Hadoop/eclipse/plugins/org.eclipse.ui.intro.universal_3.2.600.v20120521-2344/icons
100	./Hadoop/eclipse/plugins/org.eclipse.ui.intro.universal_3.2.600.v20120521-2344/META-INF
3248	./Hadoop/eclipse/plugins/org.eclipse.ui.intro.universal_3.2.600.v20120521-2344
172736	./Hadoop/eclipse/plugins
96	./Hadoop/eclipse/about_files
112	./Hadoop/eclipse/readme
20	./Hadoop/eclipse/configuration/org.eclipse.update
60	./Hadoop/eclipse/configuration/org.eclipse.equinox.simpleconfigurator
88	./Hadoop/eclipse/configuration
4	./Hadoop/eclipse/dropins
12	./Hadoop/eclipse/features/org.eclipse.recommenders.feature.extdoc.rcp_1.0.0.v20120612-2305-b156/META-INF/maven/org.eclipse.recommenders.feature/org.eclipse.recommenders.feature.extdoc.rcp
16	./Hadoop/eclipse/features/org.eclipse.recommenders.feature.extdoc.rcp_1.0.0.v20120612-2305-b156/META-INF/maven/org.eclipse.recommenders.feature
20	./Hadoop/eclipse/features/org.eclipse.recommenders.feature.extdoc.rcp_1.0.0.v20120612-2305-b156/META-INF/maven
44	./Hadoop/eclipse/features/org.eclipse.recommenders.feature.extdoc.rcp_1.0.0.v20120612-2305-b156/META-INF
100	./Hadoop/eclipse/features/org.eclipse.recommenders.feature.extdoc.rcp_1.0.0.v20120612-2305-b156
24	./Hadoop/eclipse/features/org.eclipse.mylyn.hudson_1.0.0.v20120612-0600/META-INF
76	./Hadoop/eclipse/features/org.eclipse.mylyn.hudson_1.0.0.v20120612-0600
24	./Hadoop/eclipse/features/org.eclipse.wb.core.feature_1.5.0.r42x201206111201/META-INF
104	./Hadoop/eclipse/features/org.eclipse.wb.core.feature_1.5.0.r42x201206111201
24	./Hadoop/eclipse/features/org.eclipse.epp.package.common.feature_1.5.0.20120202-1420/META-INF
76	./Hadoop/eclipse/features/org.eclipse.epp.package.common.feature_1.5.0.20120202-1420
24	./Hadoop/eclipse/features/org.eclipse.emf.common_2.8.0.v20120606-0717/META-INF
72	./Hadoop/eclipse/features/org.eclipse.emf.common_2.8.0.v20120606-0717
24	./Hadoop/eclipse/features/org.eclipse.mylyn.commons_3.8.0.v20120612-0600/META-INF
76	./Hadoop/eclipse/features/org.eclipse.mylyn.commons_3.8.0.v20120612-0600
24	./Hadoop/eclipse/features/org.eclipse.mylyn_feature_3.8.0.v20120612-0600/META-INF
80	./Hadoop/eclipse/features/org.eclipse.mylyn_feature_3.8.0.v20120612-0600
24	./Hadoop/eclipse/features/org.eclipse.help_1.4.0.v20120608-133537-8P7vFOTFK_Qj4JmDIQXL8Tn/META-INF
100	./Hadoop/eclipse/features/org.eclipse.help_1.4.0.v20120608-133537-8P7vFOTFK_Qj4JmDIQXL8Tn
24	./Hadoop/eclipse/features/org.eclipse.epp.package.java.feature_1.5.0.20120614-1633/META-INF
76	./Hadoop/eclipse/features/org.eclipse.epp.package.java.feature_1.5.0.20120614-1633
24	./Hadoop/eclipse/features/org.eclipse.jdt_3.8.0.v20120525-1249-8-8nFqlFNOfwKDRGz-pXLdGxEM83/META-INF
100	./Hadoop/eclipse/features/org.eclipse.jdt_3.8.0.v20120525-1249-8-8nFqlFNOfwKDRGz-pXLdGxEM83
24	./Hadoop/eclipse/features/org.eclipse.mylyn.wikitext_feature_1.7.0.v20120612-0600/META-INF
76	./Hadoop/eclipse/features/org.eclipse.mylyn.wikitext_feature_1.7.0.v20120612-0600
12	./Hadoop/eclipse/features/org.eclipse.recommenders.feature.completion.rcp.intellig_1.0.0.v20120612-2305-b156/META-INF/maven/org.eclipse.recommenders.feature/org.eclipse.recommenders.feature.completion.rcp.intellig
16	./Hadoop/eclipse/features/org.eclipse.recommenders.feature.completion.rcp.intellig_1.0.0.v20120612-2305-b156/META-INF/maven/org.eclipse.recommenders.feature
20	./Hadoop/eclipse/features/org.eclipse.recommenders.feature.completion.rcp.intellig_1.0.0.v20120612-2305-b156/META-INF/maven
44	./Hadoop/eclipse/features/org.eclipse.recommenders.feature.completion.rcp.intellig_1.0.0.v20120612-2305-b156/META-INF
100	./Hadoop/eclipse/features/org.eclipse.recommenders.feature.completion.rcp.intellig_1.0.0.v20120612-2305-b156
24	./Hadoop/eclipse/features/org.eclipse.equinox.p2.user.ui_2.2.0.v20120524-0542-62DG9JXTlSiz-UbcP0w0KGe8CBOP/META-INF
96	./Hadoop/eclipse/features/org.eclipse.equinox.p2.user.ui_2.2.0.v20120524-0542-62DG9JXTlSiz-UbcP0w0KGe8CBOP
24	./Hadoop/eclipse/features/org.eclipse.mylyn.team_feature_3.8.0.v20120612-0600/META-INF
76	./Hadoop/eclipse/features/org.eclipse.mylyn.team_feature_3.8.0.v20120612-0600
12	./Hadoop/eclipse/features/org.eclipse.recommenders.feature.rcp_1.0.0.v20120612-2305-b156/META-INF/maven/org.eclipse.recommenders.feature/org.eclipse.recommenders.feature.rcp
16	./Hadoop/eclipse/features/org.eclipse.recommenders.feature.rcp_1.0.0.v20120612-2305-b156/META-INF/maven/org.eclipse.recommenders.feature
20	./Hadoop/eclipse/features/org.eclipse.recommenders.feature.rcp_1.0.0.v20120612-2305-b156/META-INF/maven
44	./Hadoop/eclipse/features/org.eclipse.recommenders.feature.rcp_1.0.0.v20120612-2305-b156/META-INF
100	./Hadoop/eclipse/features/org.eclipse.recommenders.feature.rcp_1.0.0.v20120612-2305-b156
12	./Hadoop/eclipse/features/org.eclipse.egit_2.0.0.201206130900-r/META-INF/maven/org.eclipse.egit.feature/org.eclipse.egit
16	./Hadoop/eclipse/features/org.eclipse.egit_2.0.0.201206130900-r/META-INF/maven/org.eclipse.egit.feature
20	./Hadoop/eclipse/features/org.eclipse.egit_2.0.0.201206130900-r/META-INF/maven
44	./Hadoop/eclipse/features/org.eclipse.egit_2.0.0.201206130900-r/META-INF
92	./Hadoop/eclipse/features/org.eclipse.egit_2.0.0.201206130900-r
24	./Hadoop/eclipse/features/org.eclipse.mylyn.builds_1.0.0.v20120612-0600/META-INF
76	./Hadoop/eclipse/features/org.eclipse.mylyn.builds_1.0.0.v20120612-0600
12	./Hadoop/eclipse/features/org.eclipse.egit.import_2.0.0.201206130900-r/META-INF/maven/org.eclipse.egit.feature/org.eclipse.egit.import
16	./Hadoop/eclipse/features/org.eclipse.egit.import_2.0.0.201206130900-r/META-INF/maven/org.eclipse.egit.feature
20	./Hadoop/eclipse/features/org.eclipse.egit.import_2.0.0.201206130900-r/META-INF/maven
44	./Hadoop/eclipse/features/org.eclipse.egit.import_2.0.0.201206130900-r/META-INF
92	./Hadoop/eclipse/features/org.eclipse.egit.import_2.0.0.201206130900-r
24	./Hadoop/eclipse/features/org.eclipse.mylyn.commons.notifications_1.0.0.v20120612-0600/META-INF
76	./Hadoop/eclipse/features/org.eclipse.mylyn.commons.notifications_1.0.0.v20120612-0600
24	./Hadoop/eclipse/features/org.eclipse.mylyn.cvs_1.0.0.v20120612-0600/META-INF
76	./Hadoop/eclipse/features/org.eclipse.mylyn.cvs_1.0.0.v20120612-0600
12	./Hadoop/eclipse/features/org.eclipse.recommenders.feature.completion.rcp.subwords_1.0.0.v20120612-2305-b156/META-INF/maven/org.eclipse.recommenders.feature/org.eclipse.recommenders.feature.completion.rcp.subwords
16	./Hadoop/eclipse/features/org.eclipse.recommenders.feature.completion.rcp.subwords_1.0.0.v20120612-2305-b156/META-INF/maven/org.eclipse.recommenders.feature
20	./Hadoop/eclipse/features/org.eclipse.recommenders.feature.completion.rcp.subwords_1.0.0.v20120612-2305-b156/META-INF/maven
44	./Hadoop/eclipse/features/org.eclipse.recommenders.feature.completion.rcp.subwords_1.0.0.v20120612-2305-b156/META-INF
100	./Hadoop/eclipse/features/org.eclipse.recommenders.feature.completion.rcp.subwords_1.0.0.v20120612-2305-b156
12	./Hadoop/eclipse/features/org.eclipse.egit.psf_2.0.0.201206130900-r/META-INF/maven/org.eclipse.egit.feature/org.eclipse.egit.psf
16	./Hadoop/eclipse/features/org.eclipse.egit.psf_2.0.0.201206130900-r/META-INF/maven/org.eclipse.egit.feature
20	./Hadoop/eclipse/features/org.eclipse.egit.psf_2.0.0.201206130900-r/META-INF/maven
44	./Hadoop/eclipse/features/org.eclipse.egit.psf_2.0.0.201206130900-r/META-INF
92	./Hadoop/eclipse/features/org.eclipse.egit.psf_2.0.0.201206130900-r
24	./Hadoop/eclipse/features/org.eclipse.mylyn.commons.identity_1.0.0.v20120612-0600/META-INF
76	./Hadoop/eclipse/features/org.eclipse.mylyn.commons.identity_1.0.0.v20120612-0600
24	./Hadoop/eclipse/features/org.eclipse.mylyn.commons.repositories_1.0.0.v20120612-0600/META-INF
76	./Hadoop/eclipse/features/org.eclipse.mylyn.commons.repositories_1.0.0.v20120612-0600
24	./Hadoop/eclipse/features/org.eclipse.mylyn.context_feature_3.8.0.v20120612-0600/META-INF
76	./Hadoop/eclipse/features/org.eclipse.mylyn.context_feature_3.8.0.v20120612-0600
24	./Hadoop/eclipse/features/org.eclipse.rcp_4.2.0.v20120528-1648-7IAPA7BrHQicRpNdOz-Obz-rlRCA/META-INF
96	./Hadoop/eclipse/features/org.eclipse.rcp_4.2.0.v20120528-1648-7IAPA7BrHQicRpNdOz-Obz-rlRCA
24	./Hadoop/eclipse/features/org.eclipse.mylyn.versions_1.0.0.v20120612-0600/META-INF
76	./Hadoop/eclipse/features/org.eclipse.mylyn.versions_1.0.0.v20120612-0600
24	./Hadoop/eclipse/features/org.eclipse.wst.xml_core.feature_3.4.0.v201111021744-7C7OFm4F7RZHQRIpOz-P2Xk/META-INF
96	./Hadoop/eclipse/features/org.eclipse.wst.xml_core.feature_3.4.0.v201111021744-7C7OFm4F7RZHQRIpOz-P2Xk
24	./Hadoop/eclipse/features/org.eclipse.wst.xml_ui.feature_3.4.0.v201111021744-7H7GFeBDxumUpsl5liePhK3loz-m62J4rSz011R1/META-INF
96	./Hadoop/eclipse/features/org.eclipse.wst.xml_ui.feature_3.4.0.v201111021744-7H7GFeBDxumUpsl5liePhK3loz-m62J4rSz011R1
24	./Hadoop/eclipse/features/org.eclipse.mylyn.ide_feature_3.8.0.v20120612-0600/META-INF
76	./Hadoop/eclipse/features/org.eclipse.mylyn.ide_feature_3.8.0.v20120612-0600
24	./Hadoop/eclipse/features/org.eclipse.equinox.p2.rcp.feature_1.1.0.v20120524-0542-785EoBqNKNYz-GX2sUgCaBtr2dhs/META-INF
96	./Hadoop/eclipse/features/org.eclipse.equinox.p2.rcp.feature_1.1.0.v20120524-0542-785EoBqNKNYz-GX2sUgCaBtr2dhs
24	./Hadoop/eclipse/features/org.eclipse.mylyn.bugzilla_feature_3.8.0.v20120612-0600/META-INF
76	./Hadoop/eclipse/features/org.eclipse.mylyn.bugzilla_feature_3.8.0.v20120612-0600
24	./Hadoop/eclipse/features/org.eclipse.wb.core.ui.feature_1.5.0.r42x201206111213/META-INF
104	./Hadoop/eclipse/features/org.eclipse.wb.core.ui.feature_1.5.0.r42x201206111213
24	./Hadoop/eclipse/features/org.eclipse.platform_4.2.0.v20120608-135145-9JF7BHV8FyMteji0Oi_ePMz0xuZ8TVo7lV0z0ecb/META-INF
108	./Hadoop/eclipse/features/org.eclipse.platform_4.2.0.v20120608-135145-9JF7BHV8FyMteji0Oi_ePMz0xuZ8TVo7lV0z0ecb
24	./Hadoop/eclipse/features/org.eclipse.cvs_1.3.200.v20120525-1249-7B79FJJAkF7BF7SDL5EAJT/META-INF
96	./Hadoop/eclipse/features/org.eclipse.cvs_1.3.200.v20120525-1249-7B79FJJAkF7BF7SDL5EAJT
24	./Hadoop/eclipse/features/org.eclipse.mylyn.commons.repositories.http_1.0.0.v20120612-0600/META-INF
76	./Hadoop/eclipse/features/org.eclipse.mylyn.commons.repositories.http_1.0.0.v20120612-0600
24	./Hadoop/eclipse/features/org.eclipse.mylyn.git_1.0.0.v20120612-0600/META-INF
76	./Hadoop/eclipse/features/org.eclipse.mylyn.git_1.0.0.v20120612-0600
24	./Hadoop/eclipse/features/org.eclipse.wb.swing.feature_1.5.0.r42x201206111310/META-INF
104	./Hadoop/eclipse/features/org.eclipse.wb.swing.feature_1.5.0.r42x201206111310
24	./Hadoop/eclipse/features/org.eclipse.mylyn.monitor_3.8.0.v20120612-0600/META-INF
76	./Hadoop/eclipse/features/org.eclipse.mylyn.monitor_3.8.0.v20120612-0600
24	./Hadoop/eclipse/features/org.eclipse.mylyn.java_feature_3.8.0.v20120612-0600/META-INF
76	./Hadoop/eclipse/features/org.eclipse.mylyn.java_feature_3.8.0.v20120612-0600
24	./Hadoop/eclipse/features/org.eclipse.equinox.p2.core.feature_1.1.0.v20120524-0542-8297FncFWmE7h4Asq1cgrz-i38/META-INF
100	./Hadoop/eclipse/features/org.eclipse.equinox.p2.core.feature_1.1.0.v20120524-0542-8297FncFWmE7h4Asq1cgrz-i38
12	./Hadoop/eclipse/features/org.eclipse.m2e.feature_1.1.0.20120530-0009/META-INF/maven/org.eclipse.m2e/org.eclipse.m2e.feature
16	./Hadoop/eclipse/features/org.eclipse.m2e.feature_1.1.0.20120530-0009/META-INF/maven/org.eclipse.m2e
20	./Hadoop/eclipse/features/org.eclipse.m2e.feature_1.1.0.20120530-0009/META-INF/maven
44	./Hadoop/eclipse/features/org.eclipse.m2e.feature_1.1.0.20120530-0009/META-INF
100	./Hadoop/eclipse/features/org.eclipse.m2e.feature_1.1.0.20120530-0009
24	./Hadoop/eclipse/features/org.eclipse.wb.layout.group.feature_1.5.0.r42x201206111249/META-INF
104	./Hadoop/eclipse/features/org.eclipse.wb.layout.group.feature_1.5.0.r42x201206111249
24	./Hadoop/eclipse/features/org.eclipse.equinox.p2.discovery.feature_1.0.100.v20120524-0542-4-Bh9oB58A5N9L28PCQ/META-INF
72	./Hadoop/eclipse/features/org.eclipse.equinox.p2.discovery.feature_1.0.100.v20120524-0542-4-Bh9oB58A5N9L28PCQ
12	./Hadoop/eclipse/features/org.eclipse.recommenders.feature.3rd.orbit_1.0.0.v20120612-2305-b156/META-INF/maven/org.eclipse.recommenders.feature/org.eclipse.recommenders.feature.3rd.orbit
16	./Hadoop/eclipse/features/org.eclipse.recommenders.feature.3rd.orbit_1.0.0.v20120612-2305-b156/META-INF/maven/org.eclipse.recommenders.feature
20	./Hadoop/eclipse/features/org.eclipse.recommenders.feature.3rd.orbit_1.0.0.v20120612-2305-b156/META-INF/maven
44	./Hadoop/eclipse/features/org.eclipse.recommenders.feature.3rd.orbit_1.0.0.v20120612-2305-b156/META-INF
100	./Hadoop/eclipse/features/org.eclipse.recommenders.feature.3rd.orbit_1.0.0.v20120612-2305-b156
24	./Hadoop/eclipse/features/org.eclipse.wst.xml_userdoc.feature_3.3.0.v201102071641-50FYwAkF7B77UBZFDBL/META-INF
96	./Hadoop/eclipse/features/org.eclipse.wst.xml_userdoc.feature_3.3.0.v201102071641-50FYwAkF7B77UBZFDBL
12	./Hadoop/eclipse/features/org.eclipse.epp.mpc_1.1.1.I20110907-0947/META-INF/maven/org.eclipse.epp.mpc/org.eclipse.epp.mpc
16	./Hadoop/eclipse/features/org.eclipse.epp.mpc_1.1.1.I20110907-0947/META-INF/maven/org.eclipse.epp.mpc
20	./Hadoop/eclipse/features/org.eclipse.epp.mpc_1.1.1.I20110907-0947/META-INF/maven
44	./Hadoop/eclipse/features/org.eclipse.epp.mpc_1.1.1.I20110907-0947/META-INF
100	./Hadoop/eclipse/features/org.eclipse.epp.mpc_1.1.1.I20110907-0947
12	./Hadoop/eclipse/features/org.eclipse.recommenders.feature.completion.rcp.chain_1.0.0.v20120612-2305-b156/META-INF/maven/org.eclipse.recommenders.feature/org.eclipse.recommenders.feature.completion.rcp.chain
16	./Hadoop/eclipse/features/org.eclipse.recommenders.feature.completion.rcp.chain_1.0.0.v20120612-2305-b156/META-INF/maven/org.eclipse.recommenders.feature
20	./Hadoop/eclipse/features/org.eclipse.recommenders.feature.completion.rcp.chain_1.0.0.v20120612-2305-b156/META-INF/maven
44	./Hadoop/eclipse/features/org.eclipse.recommenders.feature.completion.rcp.chain_1.0.0.v20120612-2305-b156/META-INF
100	./Hadoop/eclipse/features/org.eclipse.recommenders.feature.completion.rcp.chain_1.0.0.v20120612-2305-b156
12	./Hadoop/eclipse/features/org.eclipse.jgit_2.0.0.201206130900-r/META-INF/maven/org.eclipse.jgit.feature/org.eclipse.jgit
16	./Hadoop/eclipse/features/org.eclipse.jgit_2.0.0.201206130900-r/META-INF/maven/org.eclipse.jgit.feature
20	./Hadoop/eclipse/features/org.eclipse.jgit_2.0.0.201206130900-r/META-INF/maven
44	./Hadoop/eclipse/features/org.eclipse.jgit_2.0.0.201206130900-r/META-INF
80	./Hadoop/eclipse/features/org.eclipse.jgit_2.0.0.201206130900-r
12	./Hadoop/eclipse/features/org.eclipse.recommenders.feature.3rd.rcp.nonorbit_1.0.0.v20120612-2305-b156/META-INF/maven/org.eclipse.recommenders.feature/org.eclipse.recommenders.feature.3rd.rcp.nonorbit
16	./Hadoop/eclipse/features/org.eclipse.recommenders.feature.3rd.rcp.nonorbit_1.0.0.v20120612-2305-b156/META-INF/maven/org.eclipse.recommenders.feature
20	./Hadoop/eclipse/features/org.eclipse.recommenders.feature.3rd.rcp.nonorbit_1.0.0.v20120612-2305-b156/META-INF/maven
44	./Hadoop/eclipse/features/org.eclipse.recommenders.feature.3rd.rcp.nonorbit_1.0.0.v20120612-2305-b156/META-INF
100	./Hadoop/eclipse/features/org.eclipse.recommenders.feature.3rd.rcp.nonorbit_1.0.0.v20120612-2305-b156
24	./Hadoop/eclipse/features/org.eclipse.equinox.p2.extras.feature_1.1.0.v20120524-0542-7A6FEcDiVOTg1Q_HuZrEuBtr2dhs/META-INF
96	./Hadoop/eclipse/features/org.eclipse.equinox.p2.extras.feature_1.1.0.v20120524-0542-7A6FEcDiVOTg1Q_HuZrEuBtr2dhs
24	./Hadoop/eclipse/features/org.eclipse.mylyn.tasks.ide_3.8.0.v20120612-0600/META-INF
76	./Hadoop/eclipse/features/org.eclipse.mylyn.tasks.ide_3.8.0.v20120612-0600
12	./Hadoop/eclipse/features/org.eclipse.egit.mylyn_2.0.0.201206130900-r/META-INF/maven/org.eclipse.egit.feature/org.eclipse.egit.mylyn
16	./Hadoop/eclipse/features/org.eclipse.egit.mylyn_2.0.0.201206130900-r/META-INF/maven/org.eclipse.egit.feature
20	./Hadoop/eclipse/features/org.eclipse.egit.mylyn_2.0.0.201206130900-r/META-INF/maven
44	./Hadoop/eclipse/features/org.eclipse.egit.mylyn_2.0.0.201206130900-r/META-INF
92	./Hadoop/eclipse/features/org.eclipse.egit.mylyn_2.0.0.201206130900-r
24	./Hadoop/eclipse/features/org.eclipse.e4.rcp_1.1.0.v20120521-2329-8yFTIGF3GGduEYqkQB9M3DKn/META-INF
112	./Hadoop/eclipse/features/org.eclipse.e4.rcp_1.1.0.v20120521-2329-8yFTIGF3GGduEYqkQB9M3DKn
24	./Hadoop/eclipse/features/org.eclipse.emf.ecore_2.8.0.v20120606-0717/META-INF
72	./Hadoop/eclipse/features/org.eclipse.emf.ecore_2.8.0.v20120606-0717
12	./Hadoop/eclipse/features/org.eclipse.m2e.logback.feature_1.1.0.20120530-0009/META-INF/maven/org.eclipse.m2e/org.eclipse.m2e.logback.feature
16	./Hadoop/eclipse/features/org.eclipse.m2e.logback.feature_1.1.0.20120530-0009/META-INF/maven/org.eclipse.m2e
20	./Hadoop/eclipse/features/org.eclipse.m2e.logback.feature_1.1.0.20120530-0009/META-INF/maven
44	./Hadoop/eclipse/features/org.eclipse.m2e.logback.feature_1.1.0.20120530-0009/META-INF
96	./Hadoop/eclipse/features/org.eclipse.m2e.logback.feature_1.1.0.20120530-0009
12	./Hadoop/eclipse/features/org.eclipse.recommenders.feature.rcp.core_1.0.0.v20120612-2305-b156/META-INF/maven/org.eclipse.recommenders.feature/org.eclipse.recommenders.feature.rcp.core
16	./Hadoop/eclipse/features/org.eclipse.recommenders.feature.rcp.core_1.0.0.v20120612-2305-b156/META-INF/maven/org.eclipse.recommenders.feature
20	./Hadoop/eclipse/features/org.eclipse.recommenders.feature.rcp.core_1.0.0.v20120612-2305-b156/META-INF/maven
44	./Hadoop/eclipse/features/org.eclipse.recommenders.feature.rcp.core_1.0.0.v20120612-2305-b156/META-INF
100	./Hadoop/eclipse/features/org.eclipse.recommenders.feature.rcp.core_1.0.0.v20120612-2305-b156
24	./Hadoop/eclipse/features/org.eclipse.wst.common_ui.feature_3.4.0.v201203141800-7C7AFeBEdhOawe9e8mNfykJqRz00Q0RT/META-INF
96	./Hadoop/eclipse/features/org.eclipse.wst.common_ui.feature_3.4.0.v201203141800-7C7AFeBEdhOawe9e8mNfykJqRz00Q0RT
24	./Hadoop/eclipse/features/org.eclipse.wst.common_core.feature_3.4.0.v201107190500-7B7EFMSF7RZHOjIpQz-P-QS/META-INF
96	./Hadoop/eclipse/features/org.eclipse.wst.common_core.feature_3.4.0.v201107190500-7B7EFMSF7RZHOjIpQz-P-QS
24	./Hadoop/eclipse/features/org.eclipse.mylyn.discovery_3.8.0.v20120612-0600/META-INF
76	./Hadoop/eclipse/features/org.eclipse.mylyn.discovery_3.8.0.v20120612-0600
5344	./Hadoop/eclipse/features
180176	./Hadoop/eclipse
743732	./Hadoop
743812	.
/dev/pts/27
NAME     LINE         TIME             COMMENT
kavan    tty3         2015-01-23 21:13
kavan    :0           2015-01-23 19:47 (:0)
root     pts/6        2015-01-23 21:09 (:1.0)
root     pts/12       2015-01-23 21:10 (:2.0)
kavan    pts/15       2015-01-23 21:32 (:0:S.0)
kavan    pts/25       2015-01-23 21:32 (:0:S.1)
kavan    pts/26       2015-01-23 21:32 (:0:S.2)
kavan    pts/27       2015-01-23 21:34 (:0:S.3)
fsck from util-linux 2.20.1
/dev/sda9 is mounted.
)0[?1049h[1;41r[m[4l[?1h=[?1h=[H[J[8BMy name is [0;7mKavan[m. I like to run
[21B[0;7m                                                                                                                                                [31;1H[m1) Java[31;73H6) Jovian
[1B2) Kazan[32;73H7) Avian
[1B3) Gavin[33;73H8) Kan
[1B4) Keven[34;73H9) Havana
[1B5) Kevin[35;73H0) Japan
[1Bi) Ignore[36;73HI) Ignore all
[1Br) Replace[37;73HR) Replace all
[1Ba) Add[38;73Hl) Add Lower
[1Bb) Abort[39;73Hx) Exit
[1B[0;7m                                                                                                                                                [41;1H[m? 5[41;1H[?1049l
[?1l>[41;1H[?1049l
[?1l>Usage:	iw [options] command
Options:
	--debug		enable netlink debugging
	--version	show version (3.4)
Commands:
	help [command]
	event [-t] [-r] [-f]
	phy
	list
	phy <phyname> info
	dev
	dev <devname> info
	dev <devname> del
	dev <devname> interface add <name> type <type> [mesh_id <meshid>] [4addr on|off] [flags <flag>*]
	phy <phyname> interface add <name> type <type> [mesh_id <meshid>] [4addr on|off] [flags <flag>*]
	dev <devname> ibss join <SSID> <freq in MHz> [HT20|HT40+|HT40-|NOHT] [fixed-freq] [<fixed bssid>] [beacon-interval <TU>] [basic-rates <rate in Mbps,rate2,...>] [mcast-rate <rate in Mbps>] [key d:0:abcde]
	dev <devname> ibss leave
	dev <devname> station dump
	dev <devname> station set <MAC address> vlan <ifindex>
	dev <devname> station set <MAC address> plink_action <open|block>
	dev <devname> station del <MAC address>
	dev <devname> station get <MAC address>
	dev <devname> survey dump
	dev <devname> mesh leave
	dev <devname> mesh join <mesh ID> [mcast-rate <rate in Mbps>] [<param>=<value>]*
	dev <devname> mpath dump
	dev <devname> mpath set <destination MAC address> next_hop <next hop MAC address>
	dev <devname> mpath new <destination MAC address> next_hop <next hop MAC address>
	dev <devname> mpath del <MAC address>
	dev <devname> mpath get <MAC address>
	dev <devname> scan [-u] [freq <freq>*] [ies <hex as 00:11:..>] [ssid <ssid>*|passive]
	dev <devname> scan trigger [freq <freq>*] [ies <hex as 00:11:..>] [ssid <ssid>*|passive]
	dev <devname> scan dump [-u]
	reg get
	reg set <ISO/IEC 3166-1 alpha2>
	dev <devname> connect [-w] <SSID> [<freq in MHz>] [<bssid>] [key 0:abcde d:1:6162636465]
	dev <devname> disconnect
	dev <devname> link
	dev <devname> offchannel <freq> <duration>
	dev <devname> cqm rssi <threshold|off> [<hysteresis>]
	phy <phyname> wowlan show 
	phy <phyname> wowlan disable 
	phy <phyname> wowlan enable [any] [disconnect] [magic-packet] [gtk-rekey-failure] [eap-identity-request] [4way-handshake] [rfkill-release] [patterns <pattern>*]
	dev <devname> roc start <freq> <time>
	phy <phyname> set antenna <bitmap> | all | <tx bitmap> <rx bitmap>
	dev <devname> set txpower <auto|fixed|limit> [<tx power in mBm>]
	phy <phyname> set txpower <auto|fixed|limit> [<tx power in mBm>]
	phy <phyname> set distance <distance>
	phy <phyname> set coverage <coverage class>
	phy <phyname> set netns <pid>
	phy <phyname> set rts <rts threshold|off>
	phy <phyname> set frag <fragmentation threshold|off>
	dev <devname> set channel <channel> [HT20|HT40+|HT40-]
	phy <phyname> set channel <channel> [HT20|HT40+|HT40-]
	dev <devname> set freq <freq> [HT20|HT40+|HT40-]
	phy <phyname> set freq <freq> [HT20|HT40+|HT40-]
	phy <phyname> set name <new name>
	dev <devname> set peer <MAC address>
	dev <devname> set noack_map <map>
	dev <devname> set 4addr <on|off>
	dev <devname> set type <type>
	dev <devname> set meshid <meshid>
	dev <devname> set monitor <flag>*
	dev <devname> set mesh_param <param>=<value> [<param>=<value>]*
	dev <devname> set power_save <on|off>
	dev <devname> set bitrates [legacy-<2.4|5> <legacy rate in Mbps>*] [mcs-<2.4|5> <MCS index>*]
	dev <devname> get mesh_param [<param>]
	dev <devname> get power_save <param>

You can omit the 'phy' or 'dev' if the identification is unique,
e.g. "iw wlan0 info" or "iw phy0 info". (Don't when scripting.)

Do NOT screenscrape this tool, we don't consider its output stable.

enable .
enable :
enable [
enable alias
enable bg
enable bind
enable break
enable builtin
enable caller
enable cd
enable command
enable compgen
enable complete
enable compopt
enable continue
enable declare
enable dirs
enable disown
enable echo
enable enable
enable eval
enable exec
enable exit
enable export
enable false
enable fc
enable fg
enable getopts
enable hash
enable help
enable history
enable jobs
enable kill
enable let
enable local
enable logout
enable mapfile
enable popd
enable printf
enable pushd
enable pwd
enable read
enable readarray
enable readonly
enable return
enable set
enable shift
enable shopt
enable source
enable suspend
enable test
enable times
enable trap
enable true
enable type
enable typeset
enable ulimit
enable umask
enable unalias
enable unset
enable wait
kavan    tty2                          Fri Jan 23 21:13 - 21:14  (00:00)    
kavan    tty3                          Fri Jan 23 21:13   still logged in   
root     pts/12       :2.0             Fri Jan 23 21:10   still logged in   
root     pts/12       :2.0             Fri Jan 23 21:10 - 21:10  (00:00)    
root     pts/6        :1.0             Fri Jan 23 21:09   still logged in   
root     pts/6        :1.0             Fri Jan 23 21:09 - 21:09  (00:00)    
kavan    pts/0        :0               Fri Jan 23 20:40   still logged in   
kavan    pts/6        :0               Fri Jan 23 20:23 - 20:23  (00:00)    
kavan    pts/0        :0               Fri Jan 23 20:22 - 20:40  (00:17)    
kavan    pts/12       :0               Fri Jan 23 20:22 - 20:22  (00:00)    
kavan    pts/6        :0               Fri Jan 23 20:22 - 20:22  (00:00)    
kavan    pts/0        :0               Fri Jan 23 20:11 - 20:22  (00:11)    
kavan    pts/0        :0               Fri Jan 23 19:59 - 20:11  (00:11)    
kavan    pts/0        :0               Fri Jan 23 19:56 - 19:59  (00:03)    
kavan    pts/0        :0               Fri Jan 23 19:54 - 19:56  (00:02)    
kavan    pts/6        :0               Fri Jan 23 19:47 - 19:53  (00:05)    
kavan    :0           :0               Fri Jan 23 19:47   still logged in   
reboot   system boot  3.13.0-44-generi Fri Jan 23 19:47 - 22:16  (02:29)    
guest-j9 :1           :1               Fri Jan 23 19:45 - 19:45  (00:00)    
kavan    pts/25       :1               Fri Jan 23 19:44 - 19:44  (00:00)    
kavan    :1           :1               Fri Jan 23 19:43 - 19:45  (00:01)    
guest-nC :0           :0               Fri Jan 23 19:43 - down   (00:02)    
reboot   system boot  3.13.0-44-generi Fri Jan 23 19:42 - 19:46  (00:03)    
kavan    pts/0        :0               Fri Jan 23 17:21 - 17:25  (00:04)    
kavan    :0           :0               Fri Jan 23 17:20 - down   (00:05)    
reboot   system boot  3.13.0-44-generi Fri Jan 23 17:19 - 17:26  (00:06)    
kavan    pts/26       :1               Fri Jan 23 17:18 - down   (00:00)    
kavan    :1           :1               Fri Jan 23 17:18 - down   (00:00)    
guest-Ll :0           :0               Fri Jan 23 17:17 - down   (00:01)    
reboot   system boot  3.13.0-44-generi Fri Jan 23 17:17 - 17:19  (00:01)    
kavan    pts/0        :1               Thu Jan 22 23:26 - down   (02:32)    
kavan    pts/0        :1               Thu Jan 22 23:19 - 23:21  (00:01)    
hduser   pts/24       ubuntu           Thu Jan 22 23:16 - down   (02:42)    
hduser   pts/24       ubuntu           Thu Jan 22 22:07 - 22:08  (00:00)    
kavan    pts/15       :1               Thu Jan 22 22:05 - 23:21  (01:15)    
kavan    pts/0        :1               Thu Jan 22 22:02 - 23:19  (01:16)    
kavan    pts/24       :1               Thu Jan 22 21:41 - 21:58  (00:16)    
kavan    pts/15       :1               Thu Jan 22 21:26 - 22:04  (00:38)    
kavan    pts/0        :1               Thu Jan 22 21:10 - 21:58  (00:47)    
kavan    pts/15       :1               Thu Jan 22 20:48 - 20:48  (00:00)    
kavan    pts/0        :1               Thu Jan 22 20:39 - 20:48  (00:09)    
kavan    pts/0        :1               Thu Jan 22 20:36 - 20:38  (00:02)    
kavan    pts/0        :1               Thu Jan 22 19:11 - 19:25  (00:14)    
kavan    pts/0        :1               Thu Jan 22 19:09 - 19:11  (00:01)    
kavan    :1           :1               Thu Jan 22 19:08 - down   (06:49)    
guest-V9 :0           :0               Thu Jan 22 19:08 - down   (06:50)    
reboot   system boot  3.13.0-44-generi Thu Jan 22 19:08 - 01:58  (06:50)    
hduser   pts/0        localhost        Thu Jan 22 18:30 - 18:31  (00:00)    
kavan    pts/8        :0               Thu Jan 22 18:00 - 18:10  (00:10)    
kavan    pts/8        :0               Thu Jan 22 17:52 - 17:59  (00:07)    
kavan    pts/7        :0               Thu Jan 22 17:50 - 19:06  (01:16)    
kavan    pts/7        :0               Thu Jan 22 17:47 - 17:49  (00:02)    
kavan    :0           :0               Thu Jan 22 17:46 - down   (01:20)    
reboot   system boot  3.13.0-44-generi Thu Jan 22 17:46 - 19:06  (01:20)    
kavan    pts/0        :0               Wed Jan 21 18:35 - down   (00:36)    
kavan    pts/0        :0               Wed Jan 21 18:18 - 18:35  (00:17)    
kavan    pts/0        :0               Wed Jan 21 18:15 - 18:18  (00:02)    
kavan    :0           :0               Wed Jan 21 18:11 - down   (01:00)    
reboot   system boot  3.13.0-44-generi Wed Jan 21 18:11 - 19:12  (01:00)    
kavan    :0           :0               Tue Jan 20 15:46 - down   (-4:-39)   
reboot   system boot  3.13.0-44-generi Tue Jan 20 15:46 - 11:07  (-4:-38)   
reboot   system boot  3.13.0-44-generi Tue Jan 20 12:20 - 12:20  (00:00)    
reboot   system boot  3.13.0-44-generi Mon Jan 19 18:52 - 18:53  (00:00)    
kavan    pts/1        :0               Mon Jan 19 17:39 - 17:44  (00:04)    
kavan    pts/2        :0               Mon Jan 19 17:37 - 17:45  (00:07)    
kavan    pts/1        :0               Mon Jan 19 17:28 - 17:39  (00:11)    
kavan    pts/1        :0               Mon Jan 19 17:20 - 17:28  (00:07)    
kavan    pts/24       localhost        Mon Jan 19 16:53 - 17:20  (00:27)    
kavan    pts/3        localhost        Mon Jan 19 16:45 - 17:20  (00:35)    
kavan    pts/2        localhost        Mon Jan 19 16:43 - 17:20  (00:36)    
kavan    pts/1        :0               Mon Jan 19 16:26 - 17:20  (00:53)    
kavan    pts/1        :0               Mon Jan 19 16:25 - 16:26  (00:01)    
kavan    pts/2        :0               Mon Jan 19 16:25 - 16:25  (00:00)    
kavan    pts/2        :0               Mon Jan 19 16:21 - 16:21  (00:00)    
kavan    pts/1        :0               Mon Jan 19 16:15 - 16:25  (00:10)    
kavan    pts/1        :0               Mon Jan 19 21:23 - 16:15  (-5:-8)    
kavan    pts/1        :0               Mon Jan 19 19:03 - 19:24  (00:21)    
kavan    pts/1        :0               Mon Jan 19 19:01 - 19:03  (00:01)    
kavan    pts/1        :0               Mon Jan 19 18:48 - 18:49  (00:01)    
kavan    :0           :0               Mon Jan 19 18:38 - down   (00:-47)   
reboot   system boot  3.13.0-32-generi Mon Jan 19 18:38 - 17:50  (00:-47)   

wtmp begins Mon Jan 19 18:38:30 2015
My name is Kevin. I like to run
eth0      Link encap:Ethernet  HWaddr d4:be:d9:83:8f:09  
          UP BROADCAST MULTICAST  MTU:1500  Metric:1
          RX packets:0 errors:0 dropped:0 overruns:0 frame:0
          TX packets:0 errors:0 dropped:0 overruns:0 carrier:0
          collisions:0 txqueuelen:1000 
          RX bytes:0 (0.0 B)  TX bytes:0 (0.0 B)

lo        Link encap:Local Loopback  
          inet addr:127.0.0.1  Mask:255.0.0.0
          inet6 addr: ::1/128 Scope:Host
          UP LOOPBACK RUNNING  MTU:65536  Metric:1
          RX packets:3087 errors:0 dropped:0 overruns:0 frame:0
          TX packets:3087 errors:0 dropped:0 overruns:0 carrier:0
          collisions:0 txqueuelen:0 
          RX bytes:278612 (278.6 KB)  TX bytes:278612 (278.6 KB)

wlan0     Link encap:Ethernet  HWaddr 60:36:dd:40:22:f2  
          inet addr:10.0.0.12  Bcast:10.0.0.255  Mask:255.255.255.0
          inet6 addr: fe80::6236:ddff:fe40:22f2/64 Scope:Link
          UP BROADCAST RUNNING MULTICAST  MTU:1500  Metric:1
          RX packets:29697 errors:0 dropped:0 overruns:0 frame:0
          TX packets:19032 errors:0 dropped:0 overruns:0 carrier:0
          collisions:0 txqueuelen:1000 
          RX bytes:25551644 (25.5 MB)  TX bytes:2437804 (2.4 MB)

  PID TTY          TIME CMD
 1596 ?        00:00:00 gnome-keyring-d
 1598 ?        00:00:00 init
 1667 ?        00:00:03 dbus-daemon
 1676 ?        00:00:00 upstart-event-b
 1681 ?        00:00:00 window-stack-br
 1690 ?        00:00:52 ibus-daemon
 1709 ?        00:00:00 upstart-dbus-br
 1711 ?        00:00:00 upstart-dbus-br
 1713 ?        00:00:00 upstart-file-br
 1719 ?        00:00:00 gvfsd
 1724 ?        00:00:00 gvfsd-fuse
 1726 ?        00:00:00 ibus-dconf
 1735 ?        00:00:10 ibus-ui-gtk3
 1745 ?        00:00:01 unity-settings-
 1749 ?        00:00:03 hud-service
 1754 ?        00:00:00 at-spi-bus-laun
 1755 ?        00:00:00 gnome-session
 1760 ?        00:00:10 unity-panel-ser
 1761 ?        00:00:00 dbus-daemon
 1764 ?        00:00:00 ibus-x11
 1768 ?        00:00:00 at-spi2-registr
 1799 ?        00:00:15 ibus-engine-sim
 1801 ?        00:00:04 bamfdaemon
 1821 ?        00:00:00 dconf-service
 1826 ?        00:00:07 syndaemon
 1830 ?        00:00:00 pulseaudio
 1835 ?        00:00:00 indicator-keybo
 1839 ?        00:00:00 indicator-messa
 1842 ?        00:00:00 indicator-bluet
 1843 ?        00:00:00 indicator-power
 1846 ?        00:00:00 indicator-datet
 1852 ?        00:00:00 indicator-sound
 1854 ?        00:00:00 indicator-print
 1866 ?        00:00:01 notify-osd
 1885 ?        00:00:00 evolution-sourc
 1889 ?        00:00:00 indicator-sessi
 1906 ?        00:00:00 indicator-appli
 2006 ?        00:01:57 compiz
 2021 ?        00:00:00 evolution-calen
 2026 ?        00:00:04 nautilus
 2031 ?        00:00:00 unity-fallback-
 2032 ?        00:00:04 nm-applet
 2038 ?        00:00:00 polkit-gnome-au
 2043 ?        00:00:00 gvfs-udisks2-vo
 2049 ?        00:00:00 gconfd-2
 2075 ?        00:00:00 gvfs-afc-volume
 2080 ?        00:00:00 gvfs-gphoto2-vo
 2084 ?        00:00:00 gvfs-mtp-volume
 2107 ?        00:00:00 gvfsd-trash
 2116 ?        00:00:00 gvfsd-burn
 2159 ?        00:00:00 gvfsd-metadata
 2164 ?        00:00:00 telepathy-indic
 2170 ?        00:00:01 mission-control
 2262 ?        00:00:00 zeitgeist-datah
 2267 ?        00:00:00 zeitgeist-daemo
 2273 ?        00:00:00 zeitgeist-fts
 2289 ?        00:00:00 cat
 2323 ?        00:00:00 update-notifier
 3225 ?        00:00:00 deja-dup-monito
 3433 ?        00:07:06 firefox
 3460 ?        00:00:00 unity-webapps-s
 6429 ?        00:00:40 gnome-terminal
 6444 ?        00:00:00 gnome-pty-helpe
 6445 pts/0    00:00:00 bash
 6519 pts/0    00:00:00 man
 6529 pts/0    00:00:00 pager
 6535 pts/0    00:00:00 man
 6545 pts/0    00:00:00 pager
 6560 pts/0    00:00:00 man
 6571 pts/0    00:00:00 pager
 6996 pts/0    00:00:00 ed
 7180 pts/0    00:00:01 yes
 9857 tty3     00:00:00 bash
11047 pts/0    00:00:00 screen
11048 ?        00:00:00 screen
11049 pts/15   00:00:00 bash
11062 pts/25   00:00:00 bash
11075 pts/26   00:00:00 bash
11138 pts/27   00:00:00 bash
11350 pts/27   00:00:00 top
11367 pts/27   00:00:00 top
11550 ?        00:00:00 oosplash
11568 ?        00:00:04 soffice.bin
11635 pts/27   00:00:00 bc
11638 pts/27   00:00:00 bc
11639 pts/27   00:00:00 dc
11706 pts/27   00:00:00 man
11718 pts/27   00:00:00 pager
11950 pts/27   00:00:00 rev
11997 pts/27   00:00:00 unexpand
12024 pts/27   00:00:00 sort
12113 pts/27   00:00:00 startx
12125 pts/27   00:00:00 xauth
16137 pts/27   00:00:00 rt
16145 pts/27   00:00:00 ps
         system boot  2015-01-23 19:47
         pts/0        2015-01-23 20:40              6429 id=/0    term=0 exit=0
         pts/28       2015-01-23 21:34             11152 id=/28   term=0 exit=0
Linux kavan-Inspiron-5521 3.13.0-44-generic #73-Ubuntu SMP Tue Dec 16 00:22:43 UTC 2014 x86_64 x86_64 x86_64 GNU/Linux
             total       used       free     shared    buffers     cached
Mem:       3924468    2909732    1014736     472420     134868    1368172
-/+ buffers/cache:    1406692    2517776
Swap:      4001788          0    4001788
    January 2015      
Su Mo Tu We Th Fr Sa  
             1  2  3  
 4  5  6  7  8  9 10  
11 12 13 14 15 16 17  
18 19 20 21 22 _2_3 24  
25 26 27 28 29 30 31  
                      
/:  Bus 04.Port 1: Dev 1, Class=root_hub, Driver=xhci_hcd/4p, 5000M
/:  Bus 03.Port 1: Dev 1, Class=root_hub, Driver=xhci_hcd/4p, 480M
/:  Bus 02.Port 1: Dev 1, Class=root_hub, Driver=ehci-pci/2p, 480M
    |__ Port 1: Dev 2, If 0, Class=Hub, Driver=hub/6p, 480M
/:  Bus 01.Port 1: Dev 1, Class=root_hub, Driver=ehci-pci/2p, 480M
    |__ Port 1: Dev 2, If 0, Class=Hub, Driver=hub/6p, 480M
        |__ Port 1: Dev 6, If 0, Class=Wireless, Driver=btusb, 12M
        |__ Port 1: Dev 6, If 1, Class=Wireless, Driver=btusb, 12M
        |__ Port 3: Dev 4, If 0, Class=Vendor Specific Class, Driver=rts5139, 480M
        |__ Port 4: Dev 5, If 0, Class=Video, Driver=uvcvideo, 480M
        |__ Port 4: Dev 5, If 1, Class=Video, Driver=uvcvideo, 480M
[    0.000000] Initializing cgroup subsys cpuset
[    0.000000] Initializing cgroup subsys cpu
[    0.000000] Initializing cgroup subsys cpuacct
[    0.000000] Linux version 3.13.0-44-generic (buildd@lamiak) (gcc version 4.8.2 (Ubuntu 4.8.2-19ubuntu1) ) #73-Ubuntu SMP Tue Dec 16 00:22:43 UTC 2014 (Ubuntu 3.13.0-44.73-generic 3.13.11-ckt12)
[    0.000000] Command line: BOOT_IMAGE=/boot/vmlinuz-3.13.0-44-generic root=UUID=5b8228a5-8727-41c7-a8d7-f382ec967349 ro quiet splash vt.handoff=7
[    0.000000] KERNEL supported cpus:
[    0.000000]   Intel GenuineIntel
[    0.000000]   AMD AuthenticAMD
[    0.000000]   Centaur CentaurHauls
[    0.000000] e820: BIOS-provided physical RAM map:
[    0.000000] BIOS-e820: [mem 0x0000000000000000-0x000000000009d3ff] usable
[    0.000000] BIOS-e820: [mem 0x000000000009d400-0x000000000009ffff] reserved
[    0.000000] BIOS-e820: [mem 0x00000000000e0000-0x00000000000fffff] reserved
[    0.000000] BIOS-e820: [mem 0x0000000000100000-0x000000001fffffff] usable
[    0.000000] BIOS-e820: [mem 0x0000000020000000-0x00000000201fffff] reserved
[    0.000000] BIOS-e820: [mem 0x0000000020200000-0x0000000040003fff] usable
[    0.000000] BIOS-e820: [mem 0x0000000040004000-0x0000000040004fff] reserved
[    0.000000] BIOS-e820: [mem 0x0000000040005000-0x00000000903affff] usable
[    0.000000] BIOS-e820: [mem 0x00000000903b0000-0x00000000913affff] reserved
[    0.000000] BIOS-e820: [mem 0x00000000913b0000-0x000000009a3befff] usable
[    0.000000] BIOS-e820: [mem 0x000000009a3bf000-0x000000009aebefff] reserved
[    0.000000] BIOS-e820: [mem 0x000000009aebf000-0x000000009afbefff] ACPI NVS
[    0.000000] BIOS-e820: [mem 0x000000009afbf000-0x000000009affefff] ACPI data
[    0.000000] BIOS-e820: [mem 0x000000009afff000-0x000000009affffff] usable
[    0.000000] BIOS-e820: [mem 0x000000009b000000-0x000000009f9fffff] reserved
[    0.000000] BIOS-e820: [mem 0x00000000e0000000-0x00000000efffffff] reserved
[    0.000000] BIOS-e820: [mem 0x00000000feb00000-0x00000000feb03fff] reserved
[    0.000000] BIOS-e820: [mem 0x00000000fec00000-0x00000000fec00fff] reserved
[    0.000000] BIOS-e820: [mem 0x00000000fed10000-0x00000000fed19fff] reserved
[    0.000000] BIOS-e820: [mem 0x00000000fed1c000-0x00000000fed1ffff] reserved
[    0.000000] BIOS-e820: [mem 0x00000000fee00000-0x00000000fee00fff] reserved
[    0.000000] BIOS-e820: [mem 0x00000000ffb80000-0x00000000ffffffff] reserved
[    0.000000] BIOS-e820: [mem 0x0000000100000000-0x000000015f5fffff] usable
[    0.000000] NX (Execute Disable) protection: active
[    0.000000] SMBIOS 2.7 present.
[    0.000000] DMI: Dell Inc. Inspiron 5521/04TCM0, BIOS A11 08/29/2013
[    0.000000] e820: update [mem 0x00000000-0x00000fff] usable ==> reserved
[    0.000000] e820: remove [mem 0x000a0000-0x000fffff] usable
[    0.000000] No AGP bridge found
[    0.000000] e820: last_pfn = 0x15f600 max_arch_pfn = 0x400000000
[    0.000000] MTRR default type: uncachable
[    0.000000] MTRR fixed ranges enabled:
[    0.000000]   00000-9FFFF write-back
[    0.000000]   A0000-BFFFF uncachable
[    0.000000]   C0000-E7FFF write-protect
[    0.000000]   E8000-EFFFF write-combining
[    0.000000]   F0000-FFFFF write-protect
[    0.000000] MTRR variable ranges enabled:
[    0.000000]   0 base 000000000 mask F80000000 write-back
[    0.000000]   1 base 080000000 mask FE0000000 write-back
[    0.000000]   2 base 09B000000 mask FFF000000 uncachable
[    0.000000]   3 base 09C000000 mask FFC000000 uncachable
[    0.000000]   4 base 0FFA00000 mask FFFE00000 write-protect
[    0.000000]   5 base 0FFC00000 mask FFFC00000 write-protect
[    0.000000]   6 base 100000000 mask F80000000 write-back
[    0.000000]   7 base 15F600000 mask FFFE00000 uncachable
[    0.000000]   8 base 15F800000 mask FFF800000 uncachable
[    0.000000]   9 base 160000000 mask FE0000000 uncachable
[    0.000000] x86 PAT enabled: cpu 0, old 0x7040600070406, new 0x7010600070106
[    0.000000] e820: last_pfn = 0x9b000 max_arch_pfn = 0x400000000
[    0.000000] found SMP MP-table at [mem 0x000fe1b0-0x000fe1bf] mapped at [ffff8800000fe1b0]
[    0.000000] Scanning 1 areas for low memory corruption
[    0.000000] Base memory trampoline at [ffff880000097000] 97000 size 24576
[    0.000000] init_memory_mapping: [mem 0x00000000-0x000fffff]
[    0.000000]  [mem 0x00000000-0x000fffff] page 4k
[    0.000000] BRK [0x01fe1000, 0x01fe1fff] PGTABLE
[    0.000000] BRK [0x01fe2000, 0x01fe2fff] PGTABLE
[    0.000000] BRK [0x01fe3000, 0x01fe3fff] PGTABLE
[    0.000000] init_memory_mapping: [mem 0x15f400000-0x15f5fffff]
[    0.000000]  [mem 0x15f400000-0x15f5fffff] page 2M
[    0.000000] BRK [0x01fe4000, 0x01fe4fff] PGTABLE
[    0.000000] init_memory_mapping: [mem 0x15c000000-0x15f3fffff]
[    0.000000]  [mem 0x15c000000-0x15f3fffff] page 2M
[    0.000000] init_memory_mapping: [mem 0x100000000-0x15bffffff]
[    0.000000]  [mem 0x100000000-0x15bffffff] page 2M
[    0.000000] BRK [0x01fe5000, 0x01fe5fff] PGTABLE
[    0.000000] init_memory_mapping: [mem 0x00100000-0x1fffffff]
[    0.000000]  [mem 0x00100000-0x001fffff] page 4k
[    0.000000]  [mem 0x00200000-0x1fffffff] page 2M
[    0.000000] init_memory_mapping: [mem 0x20200000-0x40003fff]
[    0.000000]  [mem 0x20200000-0x3fffffff] page 2M
[    0.000000]  [mem 0x40000000-0x40003fff] page 4k
[    0.000000] BRK [0x01fe6000, 0x01fe6fff] PGTABLE
[    0.000000] init_memory_mapping: [mem 0x40005000-0x903affff]
[    0.000000]  [mem 0x40005000-0x401fffff] page 4k
[    0.000000]  [mem 0x40200000-0x901fffff] page 2M
[    0.000000]  [mem 0x90200000-0x903affff] page 4k
[    0.000000] init_memory_mapping: [mem 0x913b0000-0x9a3befff]
[    0.000000]  [mem 0x913b0000-0x913fffff] page 4k
[    0.000000]  [mem 0x91400000-0x9a1fffff] page 2M
[    0.000000]  [mem 0x9a200000-0x9a3befff] page 4k
[    0.000000] init_memory_mapping: [mem 0x9afff000-0x9affffff]
[    0.000000]  [mem 0x9afff000-0x9affffff] page 4k
[    0.000000] RAMDISK: [mem 0x35b4e000-0x36d9efff]
[    0.000000] ACPI: RSDP 00000000000fe020 000024 (v02 DELL  )
[    0.000000] ACPI: XSDT 000000009affe210 0000B4 (v01 DELL    CL09    00000001      01000013)
[    0.000000] ACPI: FACP 000000009affa000 00010C (v05 DELL    CL09    00000001 ASL  00040000)
[    0.000000] ACPI: DSDT 000000009afed000 009332 (v01 DELL    CL09    00000000 ASL  00040000)
[    0.000000] ACPI: FACS 000000009afb9000 000040
[    0.000000] ACPI: SLIC 000000009affd000 000176 (v01 DELL    CL09    00000001 ASL  00040000)
[    0.000000] ACPI: UEFI 000000009affc000 000236 (v01 DELL    CL09    00000001 ASL  00040000)
[    0.000000] ACPI: ASF! 000000009affb000 0000A5 (v32 DELL    CL09    00000001 ASL  00040000)
[    0.000000] ACPI: HPET 000000009aff9000 000038 (v01 DELL    CL09    00000001 ASL  00040000)
[    0.000000] ACPI: APIC 000000009aff8000 00008C (v03 DELL    CL09    00000001 ASL  00040000)
[    0.000000] ACPI: MCFG 000000009aff7000 00003C (v01 DELL    CL09    00000001 ASL  00040000)
[    0.000000] ACPI: SLIC 000000009afec000 000176 (v01 DELL    CL09    00000001 ASL  00040000)
[    0.000000] ACPI: SSDT 000000009afeb000 0006FE (v01 COMPAL CRV ORB  00001000 ACPI 00040000)
[    0.000000] ACPI: BOOT 000000009afe9000 000028 (v01 DELL    CL09    00000001 ASL  00040000)
[    0.000000] ACPI: ASPT 000000009afe7000 000034 (v07 DELL    CL09    00000001 ASL  00040000)
[    0.000000] ACPI: DBGP 000000009afe6000 000034 (v01 DELL    CL09    00000001 ASL  00040000)
[    0.000000] ACPI: FPDT 000000009afe4000 000044 (v01 DELL    CL09    00000001 ASL  00040000)
[    0.000000] ACPI: MSDM 000000009afe3000 000055 (v03 DELL    CL09    00000001 ASL  00040000)
[    0.000000] ACPI: SSDT 000000009afe2000 0008A2 (v01 COMPAL CRV ORB  00003000 ACPI 00040000)
[    0.000000] ACPI: SSDT 000000009afe1000 000A92 (v01 COMPAL CRV ORB  00003000 ACPI 00040000)
[    0.000000] ACPI: DMAR 000000009afe0000 0000B8 (v01 DELL    CL09    00000001 ASL  00040000)
[    0.000000] ACPI: SSDT 000000009afde000 001EED (v01 COMPAL CRV ORB  00001000 ACPI 00040000)
[    0.000000] ACPI: Local APIC address 0xfee00000
[    0.000000] No NUMA configuration found
[    0.000000] Faking a node at [mem 0x0000000000000000-0x000000015f5fffff]
[    0.000000] Initmem setup node 0 [mem 0x00000000-0x15f5fffff]
[    0.000000]   NODE_DATA [mem 0x15f5f5000-0x15f5f9fff]
[    0.000000]  [ffffea0000000000-ffffea00057fffff] PMD -> [ffff88015ac00000-ffff88015ebfffff] on node 0
[    0.000000] Zone ranges:
[    0.000000]   DMA      [mem 0x00001000-0x00ffffff]
[    0.000000]   DMA32    [mem 0x01000000-0xffffffff]
[    0.000000]   Normal   [mem 0x100000000-0x15f5fffff]
[    0.000000] Movable zone start for each node
[    0.000000] Early memory node ranges
[    0.000000]   node   0: [mem 0x00001000-0x0009cfff]
[    0.000000]   node   0: [mem 0x00100000-0x1fffffff]
[    0.000000]   node   0: [mem 0x20200000-0x40003fff]
[    0.000000]   node   0: [mem 0x40005000-0x903affff]
[    0.000000]   node   0: [mem 0x913b0000-0x9a3befff]
[    0.000000]   node   0: [mem 0x9afff000-0x9affffff]
[    0.000000]   node   0: [mem 0x100000000-0x15f5fffff]
[    0.000000] On node 0 totalpages: 1017691
[    0.000000]   DMA zone: 64 pages used for memmap
[    0.000000]   DMA zone: 21 pages reserved
[    0.000000]   DMA zone: 3996 pages, LIFO batch:0
[    0.000000]   DMA32 zone: 9735 pages used for memmap
[    0.000000]   DMA32 zone: 623039 pages, LIFO batch:31
[    0.000000]   Normal zone: 6104 pages used for memmap
[    0.000000]   Normal zone: 390656 pages, LIFO batch:31
[    0.000000] ACPI: PM-Timer IO Port: 0x408
[    0.000000] ACPI: Local APIC address 0xfee00000
[    0.000000] ACPI: LAPIC (acpi_id[0x01] lapic_id[0x00] enabled)
[    0.000000] ACPI: LAPIC (acpi_id[0x02] lapic_id[0x01] enabled)
[    0.000000] ACPI: LAPIC (acpi_id[0x03] lapic_id[0x02] enabled)
[    0.000000] ACPI: LAPIC (acpi_id[0x04] lapic_id[0x03] enabled)
[    0.000000] ACPI: LAPIC (acpi_id[0x05] lapic_id[0x00] disabled)
[    0.000000] ACPI: LAPIC (acpi_id[0x06] lapic_id[0x00] disabled)
[    0.000000] ACPI: LAPIC (acpi_id[0x07] lapic_id[0x00] disabled)
[    0.000000] ACPI: LAPIC (acpi_id[0x08] lapic_id[0x00] disabled)
[    0.000000] ACPI: IOAPIC (id[0x00] address[0xfec00000] gsi_base[0])
[    0.000000] IOAPIC[0]: apic_id 0, version 32, address 0xfec00000, GSI 0-23
[    0.000000] ACPI: INT_SRC_OVR (bus 0 bus_irq 0 global_irq 2 dfl dfl)
[    0.000000] ACPI: INT_SRC_OVR (bus 0 bus_irq 9 global_irq 9 high level)
[    0.000000] ACPI: IRQ0 used by override.
[    0.000000] ACPI: IRQ2 used by override.
[    0.000000] ACPI: IRQ9 used by override.
[    0.000000] Using ACPI (MADT) for SMP configuration information
[    0.000000] ACPI: HPET id: 0x8086a201 base: 0xfed00000
[    0.000000] smpboot: Allowing 8 CPUs, 4 hotplug CPUs
[    0.000000] nr_irqs_gsi: 40
[    0.000000] PM: Registered nosave memory: [mem 0x0009d000-0x0009dfff]
[    0.000000] PM: Registered nosave memory: [mem 0x0009e000-0x0009ffff]
[    0.000000] PM: Registered nosave memory: [mem 0x000a0000-0x000dffff]
[    0.000000] PM: Registered nosave memory: [mem 0x000e0000-0x000fffff]
[    0.000000] PM: Registered nosave memory: [mem 0x20000000-0x201fffff]
[    0.000000] PM: Registered nosave memory: [mem 0x40004000-0x40004fff]
[    0.000000] PM: Registered nosave memory: [mem 0x903b0000-0x913affff]
[    0.000000] PM: Registered nosave memory: [mem 0x9a3bf000-0x9aebefff]
[    0.000000] PM: Registered nosave memory: [mem 0x9aebf000-0x9afbefff]
[    0.000000] PM: Registered nosave memory: [mem 0x9afbf000-0x9affefff]
[    0.000000] PM: Registered nosave memory: [mem 0x9b000000-0x9f9fffff]
[    0.000000] PM: Registered nosave memory: [mem 0x9fa00000-0xdfffffff]
[    0.000000] PM: Registered nosave memory: [mem 0xe0000000-0xefffffff]
[    0.000000] PM: Registered nosave memory: [mem 0xf0000000-0xfeafffff]
[    0.000000] PM: Registered nosave memory: [mem 0xfeb00000-0xfeb03fff]
[    0.000000] PM: Registered nosave memory: [mem 0xfeb04000-0xfebfffff]
[    0.000000] PM: Registered nosave memory: [mem 0xfec00000-0xfec00fff]
[    0.000000] PM: Registered nosave memory: [mem 0xfec01000-0xfed0ffff]
[    0.000000] PM: Registered nosave memory: [mem 0xfed10000-0xfed19fff]
[    0.000000] PM: Registered nosave memory: [mem 0xfed1a000-0xfed1bfff]
[    0.000000] PM: Registered nosave memory: [mem 0xfed1c000-0xfed1ffff]
[    0.000000] PM: Registered nosave memory: [mem 0xfed20000-0xfedfffff]
[    0.000000] PM: Registered nosave memory: [mem 0xfee00000-0xfee00fff]
[    0.000000] PM: Registered nosave memory: [mem 0xfee01000-0xffb7ffff]
[    0.000000] PM: Registered nosave memory: [mem 0xffb80000-0xffffffff]
[    0.000000] e820: [mem 0x9fa00000-0xdfffffff] available for PCI devices
[    0.000000] Booting paravirtualized kernel on bare hardware
[    0.000000] setup_percpu: NR_CPUS:256 nr_cpumask_bits:256 nr_cpu_ids:8 nr_node_ids:1
[    0.000000] PERCPU: Embedded 28 pages/cpu @ffff88015f200000 s82304 r8192 d24192 u262144
[    0.000000] pcpu-alloc: s82304 r8192 d24192 u262144 alloc=1*2097152
[    0.000000] pcpu-alloc: [0] 0 1 2 3 4 5 6 7 
[    0.000000] Built 1 zonelists in Node order, mobility grouping on.  Total pages: 1001767
[    0.000000] Policy zone: Normal
[    0.000000] Kernel command line: BOOT_IMAGE=/boot/vmlinuz-3.13.0-44-generic root=UUID=5b8228a5-8727-41c7-a8d7-f382ec967349 ro quiet splash vt.handoff=7
[    0.000000] PID hash table entries: 4096 (order: 3, 32768 bytes)
[    0.000000] xsave: enabled xstate_bv 0x7, cntxt size 0x340
[    0.000000] Checking aperture...
[    0.000000] No AGP bridge found
[    0.000000] Calgary: detecting Calgary via BIOS EBDA area
[    0.000000] Calgary: Unable to locate Rio Grande table in EBDA - bailing!
[    0.000000] Memory: 3902860K/4070764K available (7383K kernel code, 1144K rwdata, 3408K rodata, 1336K init, 1444K bss, 167904K reserved)
[    0.000000] SLUB: HWalign=64, Order=0-3, MinObjects=0, CPUs=8, Nodes=1
[    0.000000] Hierarchical RCU implementation.
[    0.000000] 	RCU dyntick-idle grace-period acceleration is enabled.
[    0.000000] 	RCU restricting CPUs from NR_CPUS=256 to nr_cpu_ids=8.
[    0.000000] 	Offload RCU callbacks from all CPUs
[    0.000000] 	Offload RCU callbacks from CPUs: 0-7.
[    0.000000] NR_IRQS:16640 nr_irqs:744 16
[    0.000000] Console: colour dummy device 80x25
[    0.000000] console [tty0] enabled
[    0.000000] allocated 16777216 bytes of page_cgroup
[    0.000000] please try 'cgroup_disable=memory' option if you don't want memory cgroups
[    0.000000] hpet clockevent registered
[    0.000000] tsc: Fast TSC calibration using PIT
[    0.004000] tsc: Detected 1696.190 MHz processor
[    0.000003] Calibrating delay loop (skipped), value calculated using timer frequency.. 3392.38 BogoMIPS (lpj=6784760)
[    0.000006] pid_max: default: 32768 minimum: 301
[    0.000041] Security Framework initialized
[    0.000064] AppArmor: AppArmor initialized
[    0.000066] Yama: becoming mindful.
[    0.000496] Dentry cache hash table entries: 524288 (order: 10, 4194304 bytes)
[    0.002040] Inode-cache hash table entries: 262144 (order: 9, 2097152 bytes)
[    0.002720] Mount-cache hash table entries: 8192 (order: 4, 65536 bytes)
[    0.002729] Mountpoint-cache hash table entries: 8192 (order: 4, 65536 bytes)
[    0.002977] Initializing cgroup subsys memory
[    0.002984] Initializing cgroup subsys devices
[    0.002987] Initializing cgroup subsys freezer
[    0.002988] Initializing cgroup subsys blkio
[    0.002990] Initializing cgroup subsys perf_event
[    0.002993] Initializing cgroup subsys hugetlb
[    0.003022] CPU: Physical Processor ID: 0
[    0.003024] CPU: Processor Core ID: 0
[    0.003030] ENERGY_PERF_BIAS: Set to 'normal', was 'performance'
[    0.003030] ENERGY_PERF_BIAS: View and update with x86_energy_perf_policy(8)
[    0.003609] mce: CPU supports 7 MCE banks
[    0.003623] CPU0: Thermal monitoring enabled (TM1)
[    0.003636] Last level iTLB entries: 4KB 512, 2MB 0, 4MB 0
[    0.003636] Last level dTLB entries: 4KB 512, 2MB 32, 4MB 32
[    0.003636] tlb_flushall_shift: 2
[    0.003806] Freeing SMP alternatives memory: 32K (ffffffff81e6e000 - ffffffff81e76000)
[    0.005461] ACPI: Core revision 20131115
[    0.013240] ACPI: All ACPI Tables successfully acquired
[    0.027295] ftrace: allocating 28554 entries in 112 pages
[    0.046340] dmar: Host address width 36
[    0.046344] dmar: DRHD base: 0x000000fed90000 flags: 0x0
[    0.046351] dmar: IOMMU 0: reg_base_addr fed90000 ver 1:0 cap c0000020e60262 ecap f0101a
[    0.046353] dmar: DRHD base: 0x000000fed91000 flags: 0x1
[    0.046359] dmar: IOMMU 1: reg_base_addr fed91000 ver 1:0 cap c9008020660262 ecap f0105a
[    0.046360] dmar: RMRR base: 0x0000009ae8c000 end: 0x0000009aeabfff
[    0.046362] dmar: RMRR base: 0x0000009b800000 end: 0x0000009f9fffff
[    0.046436] IOAPIC id 0 under DRHD base  0xfed91000 IOMMU 1
[    0.046438] HPET id 0 under DRHD base 0xfed91000
[    0.046643] Enabled IRQ remapping in x2apic mode
[    0.046645] Enabling x2apic
[    0.046647] Enabled x2apic
[    0.046653] Switched APIC routing to cluster x2apic.
[    0.047117] ..TIMER: vector=0x30 apic1=0 pin1=2 apic2=-1 pin2=-1
[    0.086822] smpboot: CPU0: Intel(R) Core(TM) i5-3317U CPU @ 1.70GHz (fam: 06, model: 3a, stepping: 09)
[    0.086832] TSC deadline timer enabled
[    0.086846] Performance Events: PEBS fmt1+, 16-deep LBR, IvyBridge events, full-width counters, Intel PMU driver.
[    0.086855] ... version:                3
[    0.086856] ... bit width:              48
[    0.086858] ... generic registers:      4
[    0.086859] ... value mask:             0000ffffffffffff
[    0.086860] ... max period:             0000ffffffffffff
[    0.086862] ... fixed-purpose events:   3
[    0.086863] ... event mask:             000000070000000f
[    0.089063] x86: Booting SMP configuration:
[    0.102907] NMI watchdog: enabled on all CPUs, permanently consumes one hw-PMU counter.
[    0.089066] .... node  #0, CPUs:      #1 #2 #3
[    0.130439] x86: Booted up 1 node, 4 CPUs
[    0.130443] smpboot: Total of 4 processors activated (13569.52 BogoMIPS)
[    0.134932] devtmpfs: initialized
[    0.138366] EVM: security.selinux
[    0.138368] EVM: security.SMACK64
[    0.138370] EVM: security.ima
[    0.138371] EVM: security.capability
[    0.138434] PM: Registering ACPI NVS region [mem 0x9aebf000-0x9afbefff] (1048576 bytes)
[    0.139555] pinctrl core: initialized pinctrl subsystem
[    0.139624] regulator-dummy: no parameters
[    0.139659] RTC time: 14:16:45, date: 01/23/15
[    0.139699] NET: Registered protocol family 16
[    0.139830] cpuidle: using governor ladder
[    0.139832] cpuidle: using governor menu
[    0.139882] ACPI FADT declares the system doesn't support PCIe ASPM, so disable it
[    0.139884] ACPI: bus type PCI registered
[    0.139886] acpiphp: ACPI Hot Plug PCI Controller Driver version: 0.5
[    0.139959] PCI: MMCONFIG for domain 0000 [bus 00-ff] at [mem 0xe0000000-0xefffffff] (base 0xe0000000)
[    0.139963] PCI: MMCONFIG at [mem 0xe0000000-0xefffffff] reserved in E820
[    0.177656] PCI: Using configuration type 1 for base access
[    0.177665] dmi type 0xB1 record - unknown flag
[    0.178820] bio: create slab <bio-0> at 0
[    0.179018] ACPI: Added _OSI(Module Device)
[    0.179021] ACPI: Added _OSI(Processor Device)
[    0.179022] ACPI: Added _OSI(3.0 _SCP Extensions)
[    0.179024] ACPI: Added _OSI(Processor Aggregator Device)
[    0.182822] ACPI: Executed 1 blocks of module-level executable AML code
[    0.191382] ACPI: SSDT 000000009ae17018 00083B (v01  PmRef  Cpu0Cst 00003001 INTL 20130117)
[    0.191854] ACPI: Dynamic OEM Table Load:
[    0.191857] ACPI: SSDT           (null) 00083B (v01  PmRef  Cpu0Cst 00003001 INTL 20130117)
[    0.195017] ACPI: SSDT 000000009ae18a98 000303 (v01  PmRef    ApIst 00003000 INTL 20130117)
[    0.195523] ACPI: Dynamic OEM Table Load:
[    0.195525] ACPI: SSDT           (null) 000303 (v01  PmRef    ApIst 00003000 INTL 20130117)
[    0.198853] ACPI: SSDT 000000009ae16d98 000119 (v01  PmRef    ApCst 00003000 INTL 20130117)
[    0.199313] ACPI: Dynamic OEM Table Load:
[    0.199316] ACPI: SSDT           (null) 000119 (v01  PmRef    ApCst 00003000 INTL 20130117)
[    0.203685] ACPI: Interpreter enabled
[    0.203694] ACPI Exception: AE_NOT_FOUND, While evaluating Sleep State [\_S1_] (20131115/hwxface-580)
[    0.203700] ACPI Exception: AE_NOT_FOUND, While evaluating Sleep State [\_S2_] (20131115/hwxface-580)
[    0.203719] ACPI: (supports S0 S3 S4 S5)
[    0.203721] ACPI: Using IOAPIC for interrupt routing
[    0.203756] PCI: Using host bridge windows from ACPI; if necessary, use "pci=nocrs" and report a bug
[    0.203935] ACPI: No dock devices found.
[    0.459076] ACPI: PCI Root Bridge [PCI0] (domain 0000 [bus 00-fe])
[    0.459085] acpi PNP0A08:00: _OSC: OS supports [ExtendedConfig ASPM ClockPM Segments MSI]
[    0.459243] \_SB_.PCI0:_OSC invalid UUID
[    0.459245] _OSC request data:1 1f 0 
[    0.459250] acpi PNP0A08:00: _OSC failed (AE_ERROR); disabling ASPM
[    0.460069] PCI host bridge to bus 0000:00
[    0.460073] pci_bus 0000:00: root bus resource [bus 00-fe]
[    0.460075] pci_bus 0000:00: root bus resource [io  0x0000-0x0cf7]
[    0.460078] pci_bus 0000:00: root bus resource [io  0x0d00-0xffff]
[    0.460080] pci_bus 0000:00: root bus resource [mem 0x000a0000-0x000bffff]
[    0.460083] pci_bus 0000:00: root bus resource [mem 0x9fa00000-0xfeafffff]
[    0.460093] pci 0000:00:00.0: [8086:0154] type 00 class 0x060000
[    0.460193] pci 0000:00:01.0: [8086:0151] type 01 class 0x060400
[    0.460236] pci 0000:00:01.0: PME# supported from D0 D3hot D3cold
[    0.460278] pci 0000:00:01.0: System wakeup disabled by ACPI
[    0.460327] pci 0000:00:02.0: [8086:0166] type 00 class 0x030000
[    0.460342] pci 0000:00:02.0: reg 0x10: [mem 0xc1000000-0xc13fffff 64bit]
[    0.460350] pci 0000:00:02.0: reg 0x18: [mem 0xb0000000-0xbfffffff 64bit pref]
[    0.460356] pci 0000:00:02.0: reg 0x20: [io  0x4000-0x403f]
[    0.460485] pci 0000:00:14.0: [8086:1e31] type 00 class 0x0c0330
[    0.460514] pci 0000:00:14.0: reg 0x10: [mem 0xc1600000-0xc160ffff 64bit]
[    0.460600] pci 0000:00:14.0: PME# supported from D3hot D3cold
[    0.460656] pci 0000:00:14.0: System wakeup disabled by ACPI
[    0.460702] pci 0000:00:16.0: [8086:1e3a] type 00 class 0x078000
[    0.460731] pci 0000:00:16.0: reg 0x10: [mem 0xc1614000-0xc161400f 64bit]
[    0.460823] pci 0000:00:16.0: PME# supported from D0 D3hot D3cold
[    0.460924] pci 0000:00:1a.0: [8086:1e2d] type 00 class 0x0c0320
[    0.460949] pci 0000:00:1a.0: reg 0x10: [mem 0xc1619000-0xc16193ff]
[    0.461054] pci 0000:00:1a.0: PME# supported from D0 D3hot D3cold
[    0.461136] pci 0000:00:1b.0: [8086:1e20] type 00 class 0x040300
[    0.461158] pci 0000:00:1b.0: reg 0x10: [mem 0xc1610000-0xc1613fff 64bit]
[    0.461242] pci 0000:00:1b.0: PME# supported from D0 D3hot D3cold
[    0.461324] pci 0000:00:1c.0: [8086:1e10] type 01 class 0x060400
[    0.461423] pci 0000:00:1c.0: PME# supported from D0 D3hot D3cold
[    0.461481] pci 0000:00:1c.0: System wakeup disabled by ACPI
[    0.461524] pci 0000:00:1c.1: [8086:1e12] type 01 class 0x060400
[    0.461620] pci 0000:00:1c.1: PME# supported from D0 D3hot D3cold
[    0.461671] pci 0000:00:1c.1: System wakeup disabled by ACPI
[    0.461723] pci 0000:00:1d.0: [8086:1e26] type 00 class 0x0c0320
[    0.461749] pci 0000:00:1d.0: reg 0x10: [mem 0xc1618000-0xc16183ff]
[    0.461855] pci 0000:00:1d.0: PME# supported from D0 D3hot D3cold
[    0.461917] pci 0000:00:1d.0: System wakeup disabled by ACPI
[    0.461957] pci 0000:00:1f.0: [8086:1e59] type 00 class 0x060100
[    0.462152] pci 0000:00:1f.2: [8086:1e03] type 00 class 0x010601
[    0.462179] pci 0000:00:1f.2: reg 0x10: [io  0x4088-0x408f]
[    0.462190] pci 0000:00:1f.2: reg 0x14: [io  0x4094-0x4097]
[    0.462200] pci 0000:00:1f.2: reg 0x18: [io  0x4080-0x4087]
[    0.462210] pci 0000:00:1f.2: reg 0x1c: [io  0x4090-0x4093]
[    0.462222] pci 0000:00:1f.2: reg 0x20: [io  0x4060-0x407f]
[    0.462233] pci 0000:00:1f.2: reg 0x24: [mem 0xc1617000-0xc16177ff]
[    0.462291] pci 0000:00:1f.2: PME# supported from D3hot
[    0.462365] pci 0000:00:1f.3: [8086:1e22] type 00 class 0x0c0500
[    0.462387] pci 0000:00:1f.3: reg 0x10: [mem 0xc1615000-0xc16150ff 64bit]
[    0.462413] pci 0000:00:1f.3: reg 0x20: [io  0x4040-0x405f]
[    0.462583] pci 0000:01:00.0: [1002:6601] type 00 class 0x030000
[    0.462595] pci 0000:01:00.0: reg 0x10: [mem 0xa0000000-0xafffffff 64bit pref]
[    0.462604] pci 0000:01:00.0: reg 0x18: [mem 0xc0000000-0xc003ffff 64bit]
[    0.462610] pci 0000:01:00.0: reg 0x20: [io  0x3000-0x30ff]
[    0.462620] pci 0000:01:00.0: reg 0x30: [mem 0xfffe0000-0xffffffff pref]
[    0.462656] pci 0000:01:00.0: supports D1 D2
[    0.462658] pci 0000:01:00.0: PME# supported from D1 D2 D3hot
[    0.462745] pci 0000:01:00.0: System wakeup disabled by ACPI
[    0.471094] pci 0000:00:01.0: PCI bridge to [bus 01-06]
[    0.471098] pci 0000:00:01.0:   bridge window [io  0x3000-0x3fff]
[    0.471101] pci 0000:00:01.0:   bridge window [mem 0xc0000000-0xc0ffffff]
[    0.471106] pci 0000:00:01.0:   bridge window [mem 0xa0000000-0xafffffff 64bit pref]
[    0.471279] pci 0000:07:00.0: [10ec:8136] type 00 class 0x020000
[    0.471353] pci 0000:07:00.0: reg 0x10: [io  0x2000-0x20ff]
[    0.471482] pci 0000:07:00.0: reg 0x18: [mem 0xc1404000-0xc1404fff 64bit pref]
[    0.471562] pci 0000:07:00.0: reg 0x20: [mem 0xc1400000-0xc1403fff 64bit pref]
[    0.471914] pci 0000:07:00.0: supports D1 D2
[    0.471916] pci 0000:07:00.0: PME# supported from D0 D1 D2 D3hot D3cold
[    0.483154] pci 0000:00:1c.0: PCI bridge to [bus 07]
[    0.483160] pci 0000:00:1c.0:   bridge window [io  0x2000-0x2fff]
[    0.483170] pci 0000:00:1c.0:   bridge window [mem 0xc1400000-0xc14fffff 64bit pref]
[    0.483315] pci 0000:08:00.0: [8086:0887] type 00 class 0x028000
[    0.483372] pci 0000:08:00.0: reg 0x10: [mem 0xc1500000-0xc1501fff 64bit]
[    0.483631] pci 0000:08:00.0: PME# supported from D0 D3hot D3cold
[    0.495185] pci 0000:00:1c.1: PCI bridge to [bus 08]
[    0.495193] pci 0000:00:1c.1:   bridge window [mem 0xc1500000-0xc15fffff]
[    0.571671] ACPI: PCI Interrupt Link [LNKA] (IRQs 1 3 4 5 6 10 11 12 14 15) *7
[    0.571742] ACPI: PCI Interrupt Link [LNKB] (IRQs 1 3 4 5 6 10 *11 12 14 15)
[    0.571812] ACPI: PCI Interrupt Link [LNKC] (IRQs 1 3 4 5 6 10 11 12 14 15) *0, disabled.
[    0.571877] ACPI: PCI Interrupt Link [LNKD] (IRQs 1 3 4 5 6 *10 11 12 14 15)
[    0.571940] ACPI: PCI Interrupt Link [LNKE] (IRQs 1 3 4 5 6 10 11 12 14 15) *0, disabled.
[    0.572004] ACPI: PCI Interrupt Link [LNKF] (IRQs 1 3 4 5 6 10 11 12 14 15) *7
[    0.572067] ACPI: PCI Interrupt Link [LNKG] (IRQs 1 3 4 5 6 *10 11 12 14 15)
[    0.572129] ACPI: PCI Interrupt Link [LNKH] (IRQs 1 3 4 5 6 10 *11 12 14 15)
[    0.572436] ACPI: Enabled 5 GPEs in block 00 to 3F
[    0.572445] ACPI: \_SB_.PCI0: notify handler is installed
[    0.572510] Found 1 acpi root devices
[    0.572553] ACPI : EC: GPE = 0x17, I/O: command/status = 0x66, data = 0x62
[    0.572670] vgaarb: setting as boot device: PCI:0000:00:02.0
[    0.572673] vgaarb: device added: PCI:0000:00:02.0,decodes=io+mem,owns=io+mem,locks=none
[    0.572678] vgaarb: device added: PCI:0000:01:00.0,decodes=io+mem,owns=none,locks=none
[    0.572679] vgaarb: loaded
[    0.572681] vgaarb: bridge control possible 0000:01:00.0
[    0.572682] vgaarb: no bridge control possible 0000:00:02.0
[    0.572873] SCSI subsystem initialized
[    0.572937] libata version 3.00 loaded.
[    0.572960] ACPI: bus type USB registered
[    0.572978] usbcore: registered new interface driver usbfs
[    0.572988] usbcore: registered new interface driver hub
[    0.573017] usbcore: registered new device driver usb
[    0.573145] PCI: Using ACPI for IRQ routing
[    0.580738] PCI: pci_cache_line_size set to 64 bytes
[    0.580852] e820: reserve RAM buffer [mem 0x0009d400-0x0009ffff]
[    0.580854] e820: reserve RAM buffer [mem 0x40004000-0x43ffffff]
[    0.580856] e820: reserve RAM buffer [mem 0x903b0000-0x93ffffff]
[    0.580857] e820: reserve RAM buffer [mem 0x9a3bf000-0x9bffffff]
[    0.580860] e820: reserve RAM buffer [mem 0x9b000000-0x9bffffff]
[    0.580862] e820: reserve RAM buffer [mem 0x15f600000-0x15fffffff]
[    0.580957] NetLabel: Initializing
[    0.580959] NetLabel:  domain hash size = 128
[    0.580960] NetLabel:  protocols = UNLABELED CIPSOv4
[    0.580976] NetLabel:  unlabeled traffic allowed by default
[    0.581046] hpet0: at MMIO 0xfed00000, IRQs 2, 8, 0, 0, 0, 0, 0, 0
[    0.581053] hpet0: 8 comparators, 64-bit 14.318180 MHz counter
[    0.583089] Switched to clocksource hpet
[    0.588619] AppArmor: AppArmor Filesystem Enabled
[    0.588645] pnp: PnP ACPI init
[    0.588659] ACPI: bus type PNP registered
[    0.588696] pnp 00:00: [dma 4]
[    0.588722] pnp 00:00: Plug and Play ACPI device, IDs PNP0200 (active)
[    0.588746] pnp 00:01: Plug and Play ACPI device, IDs INT0800 (active)
[    0.588863] pnp 00:02: Plug and Play ACPI device, IDs PNP0103 (active)
[    0.588903] pnp 00:03: Plug and Play ACPI device, IDs PNP0c04 (active)
[    0.588956] system 00:04: [io  0x0680-0x069f] has been reserved
[    0.588959] system 00:04: [io  0x1000-0x100f] has been reserved
[    0.588961] system 00:04: [io  0xffff] has been reserved
[    0.588964] system 00:04: [io  0xffff] has been reserved
[    0.588967] system 00:04: [io  0x0400-0x0453] could not be reserved
[    0.588969] system 00:04: [io  0x0458-0x047f] has been reserved
[    0.588972] system 00:04: [io  0x0500-0x057f] has been reserved
[    0.588974] system 00:04: [io  0x164e-0x164f] has been reserved
[    0.588977] system 00:04: [io  0xfd60-0xfd63] has been reserved
[    0.588980] system 00:04: Plug and Play ACPI device, IDs PNP0c02 (active)
[    0.589012] pnp 00:05: Plug and Play ACPI device, IDs PNP0b00 (active)
[    0.589069] system 00:06: [io  0x0454-0x0457] has been reserved
[    0.589073] system 00:06: Plug and Play ACPI device, IDs INT3f0d PNP0c02 (active)
[    0.589122] pnp 00:07: Plug and Play ACPI device, IDs PNP0303 (active)
[    0.589162] pnp 00:08: Plug and Play ACPI device, IDs DLL059a PNP0f13 (active)
[    0.659318] system 00:09: [mem 0xfed1c000-0xfed1ffff] has been reserved
[    0.659321] system 00:09: [mem 0xfed10000-0xfed17fff] has been reserved
[    0.659324] system 00:09: [mem 0xfed18000-0xfed18fff] has been reserved
[    0.659326] system 00:09: [mem 0xfed19000-0xfed19fff] has been reserved
[    0.659329] system 00:09: [mem 0xe0000000-0xefffffff] has been reserved
[    0.659332] system 00:09: [mem 0xfed20000-0xfed3ffff] has been reserved
[    0.659335] system 00:09: [mem 0xfed90000-0xfed93fff] could not be reserved
[    0.659337] system 00:09: [mem 0xff000000-0xff000fff] has been reserved
[    0.659340] system 00:09: [mem 0xff010000-0xffffffff] could not be reserved
[    0.659342] system 00:09: [mem 0xfee00000-0xfeefffff] could not be reserved
[    0.659345] system 00:09: [mem 0x9fa00000-0x9fa00fff] has been reserved
[    0.659348] system 00:09: Plug and Play ACPI device, IDs PNP0c02 (active)
[    0.659746] system 00:0a: [mem 0x20000000-0x201fffff] has been reserved
[    0.659749] system 00:0a: [mem 0x40004000-0x40004fff] has been reserved
[    0.659752] system 00:0a: Plug and Play ACPI device, IDs PNP0c01 (active)
[    0.659773] pnp: PnP ACPI: found 11 devices
[    0.659775] ACPI: bus type PNP unregistered
[    0.666493] pci 0000:01:00.0: no compatible bridge window for [mem 0xfffe0000-0xffffffff pref]
[    0.666527] pci 0000:01:00.0: BAR 6: assigned [mem 0xc0040000-0xc005ffff pref]
[    0.666531] pci 0000:00:01.0: PCI bridge to [bus 01-06]
[    0.666534] pci 0000:00:01.0:   bridge window [io  0x3000-0x3fff]
[    0.666538] pci 0000:00:01.0:   bridge window [mem 0xc0000000-0xc0ffffff]
[    0.666541] pci 0000:00:01.0:   bridge window [mem 0xa0000000-0xafffffff 64bit pref]
[    0.666546] pci 0000:00:1c.0: PCI bridge to [bus 07]
[    0.666549] pci 0000:00:1c.0:   bridge window [io  0x2000-0x2fff]
[    0.666558] pci 0000:00:1c.0:   bridge window [mem 0xc1400000-0xc14fffff 64bit pref]
[    0.666566] pci 0000:00:1c.1: PCI bridge to [bus 08]
[    0.666572] pci 0000:00:1c.1:   bridge window [mem 0xc1500000-0xc15fffff]
[    0.666585] pci_bus 0000:00: resource 4 [io  0x0000-0x0cf7]
[    0.666587] pci_bus 0000:00: resource 5 [io  0x0d00-0xffff]
[    0.666590] pci_bus 0000:00: resource 6 [mem 0x000a0000-0x000bffff]
[    0.666592] pci_bus 0000:00: resource 7 [mem 0x9fa00000-0xfeafffff]
[    0.666595] pci_bus 0000:01: resource 0 [io  0x3000-0x3fff]
[    0.666597] pci_bus 0000:01: resource 1 [mem 0xc0000000-0xc0ffffff]
[    0.666599] pci_bus 0000:01: resource 2 [mem 0xa0000000-0xafffffff 64bit pref]
[    0.666602] pci_bus 0000:07: resource 0 [io  0x2000-0x2fff]
[    0.666604] pci_bus 0000:07: resource 2 [mem 0xc1400000-0xc14fffff 64bit pref]
[    0.666607] pci_bus 0000:08: resource 1 [mem 0xc1500000-0xc15fffff]
[    0.666646] NET: Registered protocol family 2
[    0.666910] TCP established hash table entries: 32768 (order: 6, 262144 bytes)
[    0.667021] TCP bind hash table entries: 32768 (order: 7, 524288 bytes)
[    0.667112] TCP: Hash tables configured (established 32768 bind 32768)
[    0.667147] TCP: reno registered
[    0.667160] UDP hash table entries: 2048 (order: 4, 65536 bytes)
[    0.667181] UDP-Lite hash table entries: 2048 (order: 4, 65536 bytes)
[    0.667254] NET: Registered protocol family 1
[    0.667269] pci 0000:00:02.0: Video device with shadowed ROM
[    0.699306] PCI: CLS 64 bytes, default 64
[    0.699380] Trying to unpack rootfs image as initramfs...
[    1.125611] Freeing initrd memory: 18756K (ffff880035b4e000 - ffff880036d9f000)
[    1.125653] PCI-DMA: Using software bounce buffering for IO (SWIOTLB)
[    1.125657] software IO TLB [mem 0x963bf000-0x9a3bf000] (64MB) mapped at [ffff8800963bf000-ffff88009a3befff]
[    1.125701] Simple Boot Flag at 0x44 set to 0x1
[    1.125914] microcode: CPU0 sig=0x306a9, pf=0x10, revision=0x17
[    1.125922] microcode: CPU1 sig=0x306a9, pf=0x10, revision=0x17
[    1.125931] microcode: CPU2 sig=0x306a9, pf=0x10, revision=0x17
[    1.125941] microcode: CPU3 sig=0x306a9, pf=0x10, revision=0x17
[    1.126003] microcode: Microcode Update Driver: v2.00 <tigran@aivazian.fsnet.co.uk>, Peter Oruba
[    1.126006] Scanning for low memory corruption every 60 seconds
[    1.126369] Initialise system trusted keyring
[    1.126423] audit: initializing netlink socket (disabled)
[    1.126440] type=2000 audit(1422022606.104:1): initialized
[    1.165458] HugeTLB registered 2 MB page size, pre-allocated 0 pages
[    1.166698] zbud: loaded
[    1.166886] VFS: Disk quotas dquot_6.5.2
[    1.166932] Dquot-cache hash table entries: 512 (order 0, 4096 bytes)
[    1.167445] fuse init (API version 7.22)
[    1.167545] msgmni has been set to 7659
[    1.167613] Key type big_key registered
[    1.168132] Key type asymmetric registered
[    1.168135] Asymmetric key parser 'x509' registered
[    1.168170] Block layer SCSI generic (bsg) driver version 0.4 loaded (major 252)
[    1.168214] io scheduler noop registered
[    1.168217] io scheduler deadline registered (default)
[    1.168244] io scheduler cfq registered
[    1.168454] pcieport 0000:00:01.0: irq 42 for MSI/MSI-X
[    1.168798] pci_hotplug: PCI Hot Plug PCI Core version: 0.5
[    1.168814] pciehp: PCI Express Hot Plug Controller Driver version: 0.4
[    1.168856] vesafb: mode is 1366x768x32, linelength=5504, pages=0
[    1.168857] vesafb: scrolling: redraw
[    1.168860] vesafb: Truecolor: size=8:8:8:8, shift=24:16:8:0
[    1.169506] vesafb: framebuffer at 0xb0000000, mapped to 0xffffc90010780000, using 4160k, total 4160k
[    1.270804] Console: switching to colour frame buffer device 170x48
[    1.371776] fb0: VESA VGA frame buffer device
[    1.371800] intel_idle: MWAIT substates: 0x21120
[    1.371802] intel_idle: v0.4 model 0x3A
[    1.371804] intel_idle: lapic_timer_reliable_states 0xffffffff
[    1.371925] ipmi message handler version 39.2
[    1.371971] ACPI: Deprecated procfs I/F for AC is loaded, please retry with CONFIG_ACPI_PROCFS_POWER cleared
[    1.372027] ACPI: AC Adapter [ACAD] (on-line)
[    1.372134] input: Power Button as /devices/LNXSYSTM:00/device:00/PNP0A08:00/device:02/PNP0C0C:00/input/input0
[    1.372140] ACPI: Power Button [PWRB]
[    1.372186] input: Lid Switch as /devices/LNXSYSTM:00/device:00/PNP0C0D:00/input/input1
[    1.372209] ACPI: Lid Switch [LID0]
[    1.372245] input: Power Button as /devices/LNXSYSTM:00/LNXPWRBN:00/input/input2
[    1.372248] ACPI: Power Button [PWRF]
[    1.372468] GHES: HEST is not enabled!
[    1.372574] Serial: 8250/16550 driver, 32 ports, IRQ sharing enabled
[    1.615636] ACPI: Deprecated procfs I/F for battery is loaded, please retry with CONFIG_ACPI_PROCFS_POWER cleared
[    1.615643] ACPI: Battery Slot [BAT1] (battery present)
[    1.615794] Linux agpgart interface v0.103
[    1.617303] brd: module loaded
[    1.618097] loop: module loaded
[    1.618494] libphy: Fixed MDIO Bus: probed
[    1.618588] tun: Universal TUN/TAP device driver, 1.6
[    1.618590] tun: (C) 1999-2004 Max Krasnyansky <maxk@qualcomm.com>
[    1.618649] PPP generic driver version 2.4.2
[    1.618701] ehci_hcd: USB 2.0 'Enhanced' Host Controller (EHCI) Driver
[    1.618706] ehci-pci: EHCI PCI platform driver
[    1.618853] ehci-pci 0000:00:1a.0: EHCI Host Controller
[    1.618860] ehci-pci 0000:00:1a.0: new USB bus registered, assigned bus number 1
[    1.618878] ehci-pci 0000:00:1a.0: debug port 2
[    1.622781] ehci-pci 0000:00:1a.0: cache line size of 64 is not supported
[    1.622814] ehci-pci 0000:00:1a.0: irq 16, io mem 0xc1619000
[    1.631590] ehci-pci 0000:00:1a.0: USB 2.0 started, EHCI 1.00
[    1.631637] usb usb1: New USB device found, idVendor=1d6b, idProduct=0002
[    1.631640] usb usb1: New USB device strings: Mfr=3, Product=2, SerialNumber=1
[    1.631642] usb usb1: Product: EHCI Host Controller
[    1.631644] usb usb1: Manufacturer: Linux 3.13.0-44-generic ehci_hcd
[    1.631646] usb usb1: SerialNumber: 0000:00:1a.0
[    1.631778] hub 1-0:1.0: USB hub found
[    1.631786] hub 1-0:1.0: 2 ports detected
[    1.632010] ehci-pci 0000:00:1d.0: EHCI Host Controller
[    1.632017] ehci-pci 0000:00:1d.0: new USB bus registered, assigned bus number 2
[    1.632033] ehci-pci 0000:00:1d.0: debug port 2
[    1.635941] ehci-pci 0000:00:1d.0: cache line size of 64 is not supported
[    1.635970] ehci-pci 0000:00:1d.0: irq 23, io mem 0xc1618000
[    1.647636] ehci-pci 0000:00:1d.0: USB 2.0 started, EHCI 1.00
[    1.647686] usb usb2: New USB device found, idVendor=1d6b, idProduct=0002
[    1.647689] usb usb2: New USB device strings: Mfr=3, Product=2, SerialNumber=1
[    1.647692] usb usb2: Product: EHCI Host Controller
[    1.647694] usb usb2: Manufacturer: Linux 3.13.0-44-generic ehci_hcd
[    1.647696] usb usb2: SerialNumber: 0000:00:1d.0
[    1.647908] hub 2-0:1.0: USB hub found
[    1.647918] hub 2-0:1.0: 2 ports detected
[    1.648025] ehci-platform: EHCI generic platform driver
[    1.648034] ohci_hcd: USB 1.1 'Open' Host Controller (OHCI) Driver
[    1.648036] ohci-pci: OHCI PCI platform driver
[    1.648047] ohci-platform: OHCI generic platform driver
[    1.648053] uhci_hcd: USB Universal Host Controller Interface driver
[    1.648203] xhci_hcd 0000:00:14.0: xHCI Host Controller
[    1.648209] xhci_hcd 0000:00:14.0: new USB bus registered, assigned bus number 3
[    1.648315] xhci_hcd 0000:00:14.0: cache line size of 64 is not supported
[    1.648346] xhci_hcd 0000:00:14.0: irq 43 for MSI/MSI-X
[    1.648430] usb usb3: New USB device found, idVendor=1d6b, idProduct=0002
[    1.648433] usb usb3: New USB device strings: Mfr=3, Product=2, SerialNumber=1
[    1.648435] usb usb3: Product: xHCI Host Controller
[    1.648437] usb usb3: Manufacturer: Linux 3.13.0-44-generic xhci_hcd
[    1.648439] usb usb3: SerialNumber: 0000:00:14.0
[    1.648631] hub 3-0:1.0: USB hub found
[    1.648645] hub 3-0:1.0: 4 ports detected
[    1.649047] xhci_hcd 0000:00:14.0: xHCI Host Controller
[    1.649052] xhci_hcd 0000:00:14.0: new USB bus registered, assigned bus number 4
[    1.649097] usb usb4: New USB device found, idVendor=1d6b, idProduct=0003
[    1.649100] usb usb4: New USB device strings: Mfr=3, Product=2, SerialNumber=1
[    1.649102] usb usb4: Product: xHCI Host Controller
[    1.649104] usb usb4: Manufacturer: Linux 3.13.0-44-generic xhci_hcd
[    1.649106] usb usb4: SerialNumber: 0000:00:14.0
[    1.649306] hub 4-0:1.0: USB hub found
[    1.649321] hub 4-0:1.0: 4 ports detected
[    1.655830] i8042: PNP: PS/2 Controller [PNP0303:PS2K,PNP0f13:PS2M] at 0x60,0x64 irq 1,12
[    1.672253] serio: i8042 KBD port at 0x60,0x64 irq 1
[    1.672261] serio: i8042 AUX port at 0x60,0x64 irq 12
[    1.672549] mousedev: PS/2 mouse device common for all mice
[    1.672854] rtc_cmos 00:05: RTC can wake from S4
[    1.673028] rtc_cmos 00:05: rtc core: registered rtc_cmos as rtc0
[    1.673062] rtc_cmos 00:05: alarms up to one month, 242 bytes nvram, hpet irqs
[    1.673144] device-mapper: uevent: version 1.0.3
[    1.673223] device-mapper: ioctl: 4.27.0-ioctl (2013-10-30) initialised: dm-devel@redhat.com
[    1.673232] ledtrig-cpu: registered to indicate activity on CPUs
[    1.673356] TCP: cubic registered
[    1.673452] NET: Registered protocol family 10
[    1.673645] NET: Registered protocol family 17
[    1.673656] Key type dns_resolver registered
[    1.674014] Loading compiled-in X.509 certificates
[    1.675262] Loaded X.509 cert 'Magrathea: Glacier signing key: 508c3b4bf108ed36b6062f812782f77c37b98537'
[    1.675277] registered taskstats version 1
[    1.677926] Key type trusted registered
[    1.680209] Key type encrypted registered
[    1.682437] AppArmor: AppArmor sha1 policy hashing enabled
[    1.682442] IMA: No TPM chip found, activating TPM-bypass!
[    1.682809] regulator-dummy: disabling
[    1.682896]   Magic number: 15:899:283
[    1.682993] rtc_cmos 00:05: setting system clock to 2015-01-23 14:16:47 UTC (1422022607)
[    1.683792] BIOS EDD facility v0.16 2004-Jun-25, 0 devices found
[    1.683794] EDD information not available.
[    1.683833] PM: Hibernation image not present or could not be loaded.
[    1.684651] Freeing unused kernel memory: 1336K (ffffffff81d20000 - ffffffff81e6e000)
[    1.684652] Write protecting the kernel read-only data: 12288k
[    1.686592] Freeing unused kernel memory: 796K (ffff880001739000 - ffff880001800000)
[    1.688274] Freeing unused kernel memory: 688K (ffff880001b54000 - ffff880001c00000)
[    1.691093] input: AT Translated Set 2 keyboard as /devices/platform/i8042/serio0/input/input3
[    1.702606] systemd-udevd[123]: starting version 204
[    1.727180] ahci 0000:00:1f.2: version 3.0
[    1.727311] ahci 0000:00:1f.2: irq 44 for MSI/MSI-X
[    1.727953] r8169 Gigabit Ethernet driver 2.3LK-NAPI loaded
[    1.727966] r8169 0000:07:00.0: can't disable ASPM; OS doesn't have ASPM control
[    1.728182] r8169 0000:07:00.0: irq 45 for MSI/MSI-X
[    1.728363] r8169 0000:07:00.0 eth0: RTL8105e at 0xffffc9000066e000, d4:be:d9:83:8f:09, XID 00c00000 IRQ 45
[    1.739776] ahci 0000:00:1f.2: AHCI 0001.0300 32 slots 6 ports 6 Gbps 0x5 impl SATA mode
[    1.739782] ahci 0000:00:1f.2: flags: 64bit ncq pm led clo pio slum part ems apst 
[    1.748063] scsi0 : ahci
[    1.748137] scsi1 : ahci
[    1.748195] scsi2 : ahci
[    1.748256] scsi3 : ahci
[    1.748316] scsi4 : ahci
[    1.748391] scsi5 : ahci
[    1.748443] ata1: SATA max UDMA/133 abar m2048@0xc1617000 port 0xc1617100 irq 44
[    1.748446] ata2: DUMMY
[    1.748449] ata3: SATA max UDMA/133 abar m2048@0xc1617000 port 0xc1617200 irq 44
[    1.748451] ata4: DUMMY
[    1.748453] ata5: DUMMY
[    1.748454] ata6: DUMMY
[    1.943871] usb 1-1: new high-speed USB device number 2 using ehci-pci
[    2.067888] ata3: SATA link up 1.5 Gbps (SStatus 113 SControl 300)
[    2.073012] ata3.00: ATAPI: TSSTcorp DVD+/-RW SU-208BB, D300, max UDMA/100
[    2.075856] ata1: SATA link up 6.0 Gbps (SStatus 133 SControl 300)
[    2.076329] usb 1-1: New USB device found, idVendor=8087, idProduct=0024
[    2.076333] usb 1-1: New USB device strings: Mfr=0, Product=0, SerialNumber=0
[    2.076690] hub 1-1:1.0: USB hub found
[    2.076845] hub 1-1:1.0: 6 ports detected
[    2.077075] ata1.00: ATA-8: HGST HTS541010A9E680, JA0OA560, max UDMA/133
[    2.077087] ata1.00: 1953525168 sectors, multi 16: LBA48 NCQ (depth 31/32), AA
[    2.078339] ata1.00: configured for UDMA/133
[    2.078551] scsi 0:0:0:0: Direct-Access     ATA      HGST HTS541010A9 JA0O PQ: 0 ANSI: 5
[    2.078683] sd 0:0:0:0: [sda] 1953525168 512-byte logical blocks: (1.00 TB/931 GiB)
[    2.078685] sd 0:0:0:0: [sda] 4096-byte physical blocks
[    2.078744] sd 0:0:0:0: Attached scsi generic sg0 type 0
[    2.078777] sd 0:0:0:0: [sda] Write Protect is off
[    2.078782] sd 0:0:0:0: [sda] Mode Sense: 00 3a 00 00
[    2.078826] sd 0:0:0:0: [sda] Write cache: enabled, read cache: enabled, doesn't support DPO or FUA
[    2.080952] ata3.00: configured for UDMA/100
[    2.090475] scsi 2:0:0:0: CD-ROM            TSSTcorp DVD+-RW SU-208BB D300 PQ: 0 ANSI: 5
[    2.097620] sr0: scsi3-mmc drive: 24x/24x writer dvd-ram cd/rw xa/form2 cdda tray
[    2.097624] cdrom: Uniform CD-ROM driver Revision: 3.20
[    2.097845] sr 2:0:0:0: Attached scsi CD-ROM sr0
[    2.098027] sr 2:0:0:0: Attached scsi generic sg1 type 5
[    2.123847] tsc: Refined TSC clocksource calibration: 1696.146 MHz
[    2.153219]  sda: sda1 sda2 sda3 sda4 sda5 sda6 sda7 sda8 sda9
[    2.154028] sd 0:0:0:0: [sda] Attached SCSI disk
[    2.187891] usb 2-1: new high-speed USB device number 2 using ehci-pci
[    2.320380] usb 2-1: New USB device found, idVendor=8087, idProduct=0024
[    2.320384] usb 2-1: New USB device strings: Mfr=0, Product=0, SerialNumber=0
[    2.320747] hub 2-1:1.0: USB hub found
[    2.320816] hub 2-1:1.0: 6 ports detected
[    2.392126] usb 1-1.1: new full-speed USB device number 3 using ehci-pci
[    2.488793] usb 1-1.1: New USB device found, idVendor=8087, idProduct=07da
[    2.488796] usb 1-1.1: New USB device strings: Mfr=0, Product=0, SerialNumber=0
[    2.560169] usb 1-1.3: new high-speed USB device number 4 using ehci-pci
[    2.595734] psmouse serio1: synaptics: Touchpad model: 1, fw: 8.1, id: 0x1e2b1, caps: 0xd00123/0x840300/0x26c00, board id: 2382, fw id: 1238635
[    2.652952] usb 1-1.3: New USB device found, idVendor=0bda, idProduct=0129
[    2.652956] usb 1-1.3: New USB device strings: Mfr=1, Product=2, SerialNumber=3
[    2.652957] usb 1-1.3: Product: USB2.0-CRW
[    2.652959] usb 1-1.3: Manufacturer: Generic
[    2.652960] usb 1-1.3: SerialNumber: 20100201396000000
[    2.668797] input: SynPS/2 Synaptics TouchPad as /devices/platform/i8042/serio1/input/input5
[    2.724236] usb 1-1.4: new high-speed USB device number 5 using ehci-pci
[    2.872549] usb 1-1.4: New USB device found, idVendor=0bda, idProduct=58c2
[    2.872552] usb 1-1.4: New USB device strings: Mfr=3, Product=1, SerialNumber=2
[    2.872553] usb 1-1.4: Product: Laptop_Integrated_Webcam_HD
[    2.872555] usb 1-1.4: Manufacturer: CNFCH41F301030002700
[    2.872556] usb 1-1.4: SerialNumber: 0x0001
[    3.124342] Switched to clocksource tsc
[    3.172646] random: nonblocking pool is initialized
[    3.579798] EXT4-fs (sda9): mounting ext2 file system using the ext4 subsystem
[    3.596547] EXT4-fs (sda9): mounted filesystem without journal. Opts: (null)
[   15.534629] Adding 4001788k swap on /dev/sda8.  Priority:-1 extents:1 across:4001788k FS
[   15.591943] IPv6: ADDRCONF(NETDEV_UP): eth0: link is not ready
[   15.668939] systemd-udevd[305]: starting version 204
[   15.768113] lp: driver loaded but no devices found
[   15.772946] ppdev: user-space parallel port driver
[   15.938942] wmi: Mapper loaded
[   15.944806] [drm] Initialized drm 1.1.0 20060810
[   15.949393] mei_me 0000:00:16.0: irq 46 for MSI/MSI-X
[   15.955479] ACPI Warning: 0x0000000000000428-0x000000000000042f SystemIO conflicts with Region \PMIO 1 (20131115/utaddress-251)
[   15.955488] ACPI: If an ACPI driver is available for this device, you should use it instead of the native driver
[   15.955493] ACPI Warning: 0x0000000000000530-0x000000000000053f SystemIO conflicts with Region \_SB_.PCI0.PEG0.PEGP.GPIO 1 (20131115/utaddress-251)
[   15.955497] ACPI Warning: 0x0000000000000530-0x000000000000053f SystemIO conflicts with Region \GPIO 2 (20131115/utaddress-251)
[   15.955501] ACPI: If an ACPI driver is available for this device, you should use it instead of the native driver
[   15.955503] ACPI Warning: 0x0000000000000500-0x000000000000052f SystemIO conflicts with Region \_SB_.PCI0.PEG0.PEGP.GPIO 1 (20131115/utaddress-251)
[   15.955507] ACPI Warning: 0x0000000000000500-0x000000000000052f SystemIO conflicts with Region \GPIO 2 (20131115/utaddress-251)
[   15.955510] ACPI: If an ACPI driver is available for this device, you should use it instead of the native driver
[   15.955512] lpc_ich: Resource conflict(s) found affecting gpio_ich
[   15.986202] cfg80211: Calling CRDA to update world regulatory domain
[   15.990608] Bluetooth: Core ver 2.17
[   15.990641] NET: Registered protocol family 31
[   15.990643] Bluetooth: HCI device and connection manager initialized
[   15.990650] Bluetooth: HCI socket layer initialized
[   15.990653] Bluetooth: L2CAP socket layer initialized
[   15.990658] Bluetooth: SCO socket layer initialized
